Component: Arm Compiler for Embedded 6.18 Tool: armlink [5e4cc100]

==============================================================================

Section Cross References

    startup_stm32l432xx.o(RESET) refers to startup_stm32l432xx.o(STACK) for __initial_sp
    startup_stm32l432xx.o(RESET) refers to startup_stm32l432xx.o(.text) for Reset_Handler
    startup_stm32l432xx.o(RESET) refers to stm32l4xx_it.o(.text.NMI_Handler) for NMI_Handler
    startup_stm32l432xx.o(RESET) refers to stm32l4xx_it.o(.text.HardFault_Handler) for HardFault_Handler
    startup_stm32l432xx.o(RESET) refers to stm32l4xx_it.o(.text.MemManage_Handler) for MemManage_Handler
    startup_stm32l432xx.o(RESET) refers to stm32l4xx_it.o(.text.BusFault_Handler) for BusFault_Handler
    startup_stm32l432xx.o(RESET) refers to stm32l4xx_it.o(.text.UsageFault_Handler) for UsageFault_Handler
    startup_stm32l432xx.o(RESET) refers to stm32l4xx_it.o(.text.SVC_Handler) for SVC_Handler
    startup_stm32l432xx.o(RESET) refers to stm32l4xx_it.o(.text.DebugMon_Handler) for DebugMon_Handler
    startup_stm32l432xx.o(RESET) refers to stm32l4xx_it.o(.text.PendSV_Handler) for PendSV_Handler
    startup_stm32l432xx.o(RESET) refers to stm32l4xx_it.o(.text.SysTick_Handler) for SysTick_Handler
    startup_stm32l432xx.o(RESET) refers to stm32l4xx_it.o(.text.TIM2_IRQHandler) for TIM2_IRQHandler
    startup_stm32l432xx.o(.text) refers to system_stm32l4xx.o(.text.SystemInit) for SystemInit
    startup_stm32l432xx.o(.text) refers to entry.o(.ARM.Collect$$$$00000000) for __main
    network.o(.text.ai_network_get_info) refers to ai_platform_interface.o(i.ai_platform_context_acquire) for ai_platform_context_acquire
    network.o(.text.ai_network_get_info) refers to network.o(.rodata.str1.1) for .L.str
    network.o(.text.ai_network_get_info) refers to ai_platform_interface.o(i.ai_platform_runtime_get_revision) for ai_platform_runtime_get_revision
    network.o(.text.ai_network_get_info) refers to ai_platform_interface.o(i.ai_platform_runtime_get_version) for ai_platform_runtime_get_version
    network.o(.text.ai_network_get_info) refers to ai_platform_interface.o(i.ai_platform_api_get_version) for ai_platform_api_get_version
    network.o(.text.ai_network_get_info) refers to ai_platform_interface.o(i.ai_platform_interface_api_get_version) for ai_platform_interface_api_get_version
    network.o(.text.ai_network_get_info) refers to memseta.o(.text) for __aeabi_memclr4
    network.o(.text.ai_network_get_info) refers to ai_platform_interface.o(i.ai_platform_api_get_network_report) for ai_platform_api_get_network_report
    network.o(.text.ai_network_get_info) refers to memcpya.o(.text) for __aeabi_memcpy4
    network.o(.ARM.exidx.text.ai_network_get_info) refers to network.o(.text.ai_network_get_info) for [Anonymous Symbol]
    network.o(.text.ai_network_get_report) refers to ai_platform_interface.o(i.ai_platform_context_acquire) for ai_platform_context_acquire
    network.o(.text.ai_network_get_report) refers to network.o(.rodata.str1.1) for .L.str
    network.o(.text.ai_network_get_report) refers to ai_platform_interface.o(i.ai_platform_runtime_get_revision) for ai_platform_runtime_get_revision
    network.o(.text.ai_network_get_report) refers to ai_platform_interface.o(i.ai_platform_runtime_get_version) for ai_platform_runtime_get_version
    network.o(.text.ai_network_get_report) refers to ai_platform_interface.o(i.ai_platform_api_get_version) for ai_platform_api_get_version
    network.o(.text.ai_network_get_report) refers to ai_platform_interface.o(i.ai_platform_interface_api_get_version) for ai_platform_interface_api_get_version
    network.o(.text.ai_network_get_report) refers to memseta.o(.text) for __aeabi_memclr4
    network.o(.text.ai_network_get_report) refers to ai_platform_interface.o(i.ai_platform_api_get_network_report) for ai_platform_api_get_network_report
    network.o(.text.ai_network_get_report) refers to memcpya.o(.text) for __aeabi_memcpy4
    network.o(.ARM.exidx.text.ai_network_get_report) refers to network.o(.text.ai_network_get_report) for [Anonymous Symbol]
    network.o(.text.ai_network_get_error) refers to ai_platform_interface.o(i.ai_platform_network_get_error) for ai_platform_network_get_error
    network.o(.ARM.exidx.text.ai_network_get_error) refers to network.o(.text.ai_network_get_error) for [Anonymous Symbol]
    network.o(.text.ai_network_create) refers to network.o(.data.g_network) for g_network
    network.o(.text.ai_network_create) refers to ai_platform_interface.o(i.ai_platform_network_create) for ai_platform_network_create
    network.o(.ARM.exidx.text.ai_network_create) refers to network.o(.text.ai_network_create) for [Anonymous Symbol]
    network.o(.text.ai_network_create_and_init) refers to network.o(.data.g_network) for g_network
    network.o(.text.ai_network_create_and_init) refers to ai_platform_interface.o(i.ai_platform_network_create) for ai_platform_network_create
[...]
    [Anonymous Symbol]                       0x2000122c   Section        0  network.o(.bss..compoundliteral.66)
    .compoundliteral.80                      0x20001230   Data           4  network.o(.bss..compoundliteral.80)
    [Anonymous Symbol]                       0x20001230   Section        0  network.o(.bss..compoundliteral.80)
    .compoundliteral.9                       0x20001234   Data          16  network.o(.bss..compoundliteral.9)
    [Anonymous Symbol]                       0x20001234   Section        0  network.o(.bss..compoundliteral.9)
    .compoundliteral.94                      0x20001244   Data           4  network.o(.bss..compoundliteral.94)
    [Anonymous Symbol]                       0x20001244   Section        0  network.o(.bss..compoundliteral.94)
    activations                              0x20001260   Data        5116  app_x-cube-ai.o(.bss.activations)
    [Anonymous Symbol]                       0x20001260   Section        0  app_x-cube-ai.o(.bss.activations)
    HEAP                                     0x20003a98   Section     2048  startup_stm32l432xx.o(HEAP)
    STACK                                    0x20004298   Section     8192  startup_stm32l432xx.o(STACK)

    Global Symbols

    Symbol Name                              Value     Ov Type        Size  Object(Section)

    BuildAttributes$$THM_ISAv4$E$P$D$K$B$S$7EM$VFPi3$EXTD16$VFPS$VFMA$PE$A:L22UL41UL21$X:L11$S22US41US21$IEEE1$IW$~IW$USESV6$~STKCKD$USESV7$~SHL$OTIME$ROPI$IEEEX$EBA8$MICROLIB$REQ8$PRES8$EABIv2 0x00000000   Number         0  anon$$obj.o ABSOLUTE
    _printf_a                                0x00000000   Number         0  printfstubs.o ABSOLUTE
    _printf_c                                0x00000000   Number         0  printfstubs.o ABSOLUTE
    _printf_charcount                        0x00000000   Number         0  printfstubs.o ABSOLUTE
    _printf_d                                0x00000000   Number         0  printfstubs.o ABSOLUTE
    _printf_e                                0x00000000   Number         0  printfstubs.o ABSOLUTE
    _printf_f                                0x00000000   Number         0  printfstubs.o ABSOLUTE
    _printf_flags                            0x00000000   Number         0  printfstubs.o ABSOLUTE
    _printf_fp_dec                           0x00000000   Number         0  printfstubs.o ABSOLUTE
    _printf_fp_hex                           0x00000000   Number         0  printfstubs.o ABSOLUTE
    _printf_g                                0x00000000   Number         0  printfstubs.o ABSOLUTE
    _printf_i                                0x00000000   Number         0  printfstubs.o ABSOLUTE
    _printf_int_dec                          0x00000000   Number         0  printfstubs.o ABSOLUTE
    _printf_l                                0x00000000   Number         0  printfstubs.o ABSOLUTE
    _printf_lc                               0x00000000   Number         0  printfstubs.o ABSOLUTE
    _printf_ll                               0x00000000   Number         0  printfstubs.o ABSOLUTE
    _printf_lld                              0x00000000   Number         0  printfstubs.o ABSOLUTE
    _printf_lli                              0x00000000   Number         0  printfstubs.o ABSOLUTE
    _printf_llo                              0x00000000   Number         0  printfstubs.o ABSOLUTE
    _printf_llu                              0x00000000   Number         0  printfstubs.o ABSOLUTE
    _printf_llx                              0x00000000   Number         0  printfstubs.o ABSOLUTE
    _printf_longlong_dec                     0x00000000   Number         0  printfstubs.o ABSOLUTE
    _printf_longlong_hex                     0x00000000   Number         0  printfstubs.o ABSOLUTE
    _printf_longlong_oct                     0x00000000   Number         0  printfstubs.o ABSOLUTE
    _printf_ls                               0x00000000   Number         0  printfstubs.o ABSOLUTE
    _printf_mbtowc                           0x00000000   Number         0  printfstubs.o ABSOLUTE
    _printf_n                                0x00000000   Number         0  printfstubs.o ABSOLUTE
    _printf_o                                0x00000000   Number         0  printfstubs.o ABSOLUTE
    _printf_p                                0x00000000   Number         0  printfstubs.o ABSOLUTE
    _printf_percent                          0x00000000   Number         0  printfstubs.o ABSOLUTE
    _printf_pre_padding                      0x00000000   Number         0  printfstubs.o ABSOLUTE
    _printf_return_value                     0x00000000   Number         0  printfstubs.o ABSOLUTE
    _printf_s                                0x00000000   Number         0  printfstubs.o ABSOLUTE
    _printf_sizespec                         0x00000000   Number         0  printfstubs.o ABSOLUTE
    _printf_str                              0x00000000   Number         0  printfstubs.o ABSOLUTE
    _printf_truncate_signed                  0x00000000   Number         0  printfstubs.o ABSOLUTE
    _printf_truncate_unsigned                0x00000000   Number         0  printfstubs.o ABSOLUTE
    _printf_u                                0x00000000   Number         0  printfstubs.o ABSOLUTE
    _printf_wc                               0x00000000   Number         0  printfstubs.o ABSOLUTE
    _printf_wctomb                           0x00000000   Number         0  printfstubs.o ABSOLUTE
    _printf_widthprec                        0x00000000   Number         0  printfstubs.o ABSOLUTE
    _printf_x                                0x00000000   Number         0  printfstubs.o ABSOLUTE
    __cpp_initialize__aeabi_                  - Undefined Weak Reference
    __cxa_finalize                            - Undefined Weak Reference
    _clock_init                               - Undefined Weak Reference
    _microlib_exit                            - Undefined Weak Reference
    _scanf_longlong                           - Undefined Weak Reference
    _scanf_string                             - Undefined Weak Reference
    __Vectors_Size                           0x0000018c   Number         0  startup_stm32l432xx.o ABSOLUTE
    __Vectors                                0x08000000   Data           4  startup_stm32l432xx.o(RESET)
    __Vectors_End                            0x0800018c   Data           0  startup_stm32l432xx.o(RESET)
    __main                                   0x0800018d   Thumb Code     0  entry.o(.ARM.Collect$$$$00000000)
    _main_stk                                0x0800018d   Thumb Code     0  entry2.o(.ARM.Collect$$$$00000001)
    _main_scatterload                        0x08000191   Thumb Code     0  entry5.o(.ARM.Collect$$$$00000004)
    __main_after_scatterload                 0x08000195   Thumb Code     0  entry5.o(.ARM.Collect$$$$00000004)
    _main_clock                              0x08000195   Thumb Code     0  entry7b.o(.ARM.Collect$$$$00000008)
    _main_cpp_init                           0x08000195   Thumb Code     0  entry8b.o(.ARM.Collect$$$$0000000A)
    _main_init                               0x08000195   Thumb Code     0  entry9a.o(.ARM.Collect$$$$0000000B)
    __rt_final_cpp                           0x0800019d   Thumb Code     0  entry10a.o(.ARM.Collect$$$$0000000D)
    __rt_final_exit                          0x0800019d   Thumb Code     0  entry11a.o(.ARM.Collect$$$$0000000F)
    Reset_Handler                            0x080001a1   Thumb Code     8  startup_stm32l432xx.o(.text)
    ADC1_IRQHandler                          0x080001bb   Thumb Code     0  startup_stm32l432xx.o(.text)
    CAN1_RX0_IRQHandler                      0x080001bb   Thumb Code     0  startup_stm32l432xx.o(.text)
    CAN1_RX1_IRQHandler                      0x080001bb   Thumb Code     0  startup_stm32l432xx.o(.text)
    CAN1_SCE_IRQHandler                      0x080001bb   Thumb Code     0  startup_stm32l432xx.o(.text)
    CAN1_TX_IRQHandler                       0x080001bb   Thumb Code     0  startup_stm32l432xx.o(.text)
    COMP_IRQHandler                          0x080001bb   Thumb Code     0  startup_stm32l432xx.o(.text)
    CRS_IRQHandler                           0x080001bb   Thumb Code     0  startup_stm32l432xx.o(.text)
    DMA1_Channel1_IRQHandler                 0x080001bb   Thumb Code     0  startup_stm32l432xx.o(.text)
    DMA1_Channel2_IRQHandler                 0x080001bb   Thumb Code     0  startup_stm32l432xx.o(.text)
    DMA1_Channel3_IRQHandler                 0x080001bb   Thumb Code     0  startup_stm32l432xx.o(.text)
    DMA1_Channel4_IRQHandler                 0x080001bb   Thumb Code     0  startup_stm32l432xx.o(.text)
    DMA1_Channel5_IRQHandler                 0x080001bb   Thumb Code     0  startup_stm32l432xx.o(.text)
    DMA1_Channel6_IRQHandler                 0x080001bb   Thumb Code     0  startup_stm32l432xx.o(.text)
    DMA1_Channel7_IRQHandler                 0x080001bb   Thumb Code     0  startup_stm32l432xx.o(.text)
    DMA2_Channel1_IRQHandler                 0x080001bb   Thumb Code     0  startup_stm32l432xx.o(.text)
    DMA2_Channel2_IRQHandler                 0x080001bb   Thumb Code     0  startup_stm32l432xx.o(.text)
    DMA2_Channel3_IRQHandler                 0x080001bb   Thumb Code     0  startup_stm32l432xx.o(.text)
    DMA2_Channel4_IRQHandler                 0x080001bb   Thumb Code     0  startup_stm32l432xx.o(.text)
    DMA2_Channel5_IRQHandler                 0x080001bb   Thumb Code     0  startup_stm32l432xx.o(.text)
    DMA2_Channel6_IRQHandler                 0x080001bb   Thumb Code     0  startup_stm32l432xx.o(.text)
    DMA2_Channel7_IRQHandler                 0x080001bb   Thumb Code     0  startup_stm32l432xx.o(.text)
    EXTI0_IRQHandler                         0x080001bb   Thumb Code     0  startup_stm32l432xx.o(.text)
    EXTI15_10_IRQHandler                     0x080001bb   Thumb Code     0  startup_stm32l432xx.o(.text)
    EXTI1_IRQHandler                         0x080001bb   Thumb Code     0  startup_stm32l432xx.o(.text)
    EXTI2_IRQHandler                         0x080001bb   Thumb Code     0  startup_stm32l432xx.o(.text)
    EXTI3_IRQHandler                         0x080001bb   Thumb Code     0  startup_stm32l432xx.o(.text)
    EXTI4_IRQHandler                         0x080001bb   Thumb Code     0  startup_stm32l432xx.o(.text)
    EXTI9_5_IRQHandler                       0x080001bb   Thumb Code     0  startup_stm32l432xx.o(.text)
    FLASH_IRQHandler                         0x080001bb   Thumb Code     0  startup_stm32l432xx.o(.text)
    FPU_IRQHandler                           0x080001bb   Thumb Code     0  startup_stm32l432xx.o(.text)
    I2C1_ER_IRQHandler                       0x080001bb   Thumb Code     0  startup_stm32l432xx.o(.text)
    I2C1_EV_IRQHandler                       0x080001bb   Thumb Code     0  startup_stm32l432xx.o(.text)
    I2C3_ER_IRQHandler                       0x080001bb   Thumb Code     0  startup_stm32l432xx.o(.text)
    I2C3_EV_IRQHandler                       0x080001bb   Thumb Code     0  startup_stm32l432xx.o(.text)
    LPTIM1_IRQHandler                        0x080001bb   Thumb Code     0  startup_stm32l432xx.o(.text)
    LPTIM2_IRQHandler                        0x080001bb   Thumb Code     0  startup_stm32l432xx.o(.text)
    LPUART1_IRQHandler                       0x080001bb   Thumb Code     0  startup_stm32l432xx.o(.text)
    PVD_PVM_IRQHandler                       0x080001bb   Thumb Code     0  startup_stm32l432xx.o(.text)
    QUADSPI_IRQHandler                       0x080001bb   Thumb Code     0  startup_stm32l432xx.o(.text)
    RCC_IRQHandler                           0x080001bb   Thumb Code     0  startup_stm32l432xx.o(.text)
    RNG_IRQHandler                           0x080001bb   Thumb Code     0  startup_stm32l432xx.o(.text)
    RTC_Alarm_IRQHandler                     0x080001bb   Thumb Code     0  startup_stm32l432xx.o(.text)
    RTC_WKUP_IRQHandler                      0x080001bb   Thumb Code     0  startup_stm32l432xx.o(.text)
    SAI1_IRQHandler                          0x080001bb   Thumb Code     0  startup_stm32l432xx.o(.text)
    SPI1_IRQHandler                          0x080001bb   Thumb Code     0  startup_stm32l432xx.o(.text)
    SPI3_IRQHandler                          0x080001bb   Thumb Code     0  startup_stm32l432xx.o(.text)
    SWPMI1_IRQHandler                        0x080001bb   Thumb Code     0  startup_stm32l432xx.o(.text)
    TAMP_STAMP_IRQHandler                    0x080001bb   Thumb Code     0  startup_stm32l432xx.o(.text)
    TIM1_BRK_TIM15_IRQHandler                0x080001bb   Thumb Code     0  startup_stm32l432xx.o(.text)
    TIM1_CC_IRQHandler                       0x080001bb   Thumb Code     0  startup_stm32l432xx.o(.text)
    TIM1_TRG_COM_IRQHandler                  0x080001bb   Thumb Code     0  startup_stm32l432xx.o(.text)
    TIM1_UP_TIM16_IRQHandler                 0x080001bb   Thumb Code     0  startup_stm32l432xx.o(.text)
    TIM6_DAC_IRQHandler                      0x080001bb   Thumb Code     0  startup_stm32l432xx.o(.text)
    TIM7_IRQHandler                          0x080001bb   Thumb Code     0  startup_stm32l432xx.o(.text)
    TSC_IRQHandler                           0x080001bb   Thumb Code     0  startup_stm32l432xx.o(.text)
    USART1_IRQHandler                        0x080001bb   Thumb Code     0  startup_stm32l432xx.o(.text)
    USART2_IRQHandler                        0x080001bb   Thumb Code     0  startup_stm32l432xx.o(.text)
    USB_IRQHandler                           0x080001bb   Thumb Code     0  startup_stm32l432xx.o(.text)
    WWDG_IRQHandler                          0x080001bb   Thumb Code     0  startup_stm32l432xx.o(.text)
    __aeabi_uldivmod                         0x080001c5   Thumb Code    98  uldiv.o(.text)
    __aeabi_memcpy                           0x0800022d   Thumb Code    36  memcpya.o(.text)
    __aeabi_memcpy4                          0x0800022d   Thumb Code     0  memcpya.o(.text)
    __aeabi_memcpy8                          0x0800022d   Thumb Code     0  memcpya.o(.text)
    __aeabi_memset                           0x08000251   Thumb Code    14  memseta.o(.text)
    __aeabi_memset4                          0x08000251   Thumb Code     0  memseta.o(.text)
    __aeabi_memset8                          0x08000251   Thumb Code     0  memseta.o(.text)
    __aeabi_memclr                           0x0800025f   Thumb Code     4  memseta.o(.text)
    __aeabi_memclr4                          0x0800025f   Thumb Code     0  memseta.o(.text)
    __aeabi_memclr8                          0x0800025f   Thumb Code     0  memseta.o(.text)
    _memset$wrapper                          0x08000263   Thumb Code    18  memseta.o(.text)
    memcmp                                   0x08000275   Thumb Code    26  memcmp.o(.text)
    __0scanf                                 0x08000291   Thumb Code    26  __0scanf.o(.text)
    _scanf_int                               0x080002b1   Thumb Code   332  _scanf_int.o(.text)
    _scanf_real                              0x0800052d   Thumb Code     0  scanf_fp.o(.text)
    _scanf_really_real                       0x0800052d   Thumb Code   556  scanf_fp.o(.text)
    __aeabi_dadd                             0x0800076b   Thumb Code   322  dadd.o(.text)
    __aeabi_dsub                             0x080008ad   Thumb Code     6  dadd.o(.text)
    __aeabi_drsub                            0x080008b3   Thumb Code     6  dadd.o(.text)
    __aeabi_ddiv                             0x080008c9   Thumb Code   222  ddiv.o(.text)
    __aeabi_ui2d                             0x080009a7   Thumb Code    26  dfltui.o(.text)
    __aeabi_uidiv                            0x080009c1   Thumb Code     0  uidiv.o(.text)
    __aeabi_uidivmod                         0x080009c1   Thumb Code    44  uidiv.o(.text)
    __aeabi_llsl                             0x080009ed   Thumb Code    30  llshl.o(.text)
    _ll_shift_l                              0x080009ed   Thumb Code     0  llshl.o(.text)
    __aeabi_llsr                             0x08000a0b   Thumb Code    32  llushr.o(.text)
    _ll_ushift_r                             0x08000a0b   Thumb Code     0  llushr.o(.text)
    __aeabi_lasr                             0x08000a2b   Thumb Code    36  llsshr.o(.text)
    _ll_sshift_r                             0x08000a2b   Thumb Code     0  llsshr.o(.text)
    _chval                                   0x08000a4f   Thumb Code    28  _chval.o(.text)
    __vfscanf_char_file                      0x08000a6d   Thumb Code    12  scanf_char_file.o(.text)
    __I$use$fp                               0x08000a81   Thumb Code     0  iusefp.o(.text)
    _double_round                            0x08000a81   Thumb Code    30  depilogue.o(.text)
    _double_epilogue                         0x08000a9f   Thumb Code   156  depilogue.o(.text)
    __aeabi_dmul                             0x08000b3b   Thumb Code   228  dmul.o(.text)
    __aeabi_ul2d                             0x08000c25   Thumb Code    24  dfltul.o(.text)
    __aeabi_d2ulz                            0x08000c3d   Thumb Code    48  dfixul.o(.text)
    __aeabi_cdrcmple                         0x08000c6d   Thumb Code    48  cdrcmple.o(.text)
    __aeabi_d2f                              0x08000c9d   Thumb Code    56  d2f.o(.text)
    __scatterload                            0x08000cd5   Thumb Code    28  init.o(.text)
    __scatterload_rt2                        0x08000cd5   Thumb Code     0  init.o(.text)
    _fgetc$bs                                0x08000cf9   Thumb Code    28  fgetc_b.o(.text)
    __backspace                              0x08000d15   Thumb Code    10  fgetc_b.o(.text)
    __vfscanf_char                           0x08000d31   Thumb Code    20  scanf_char.o(.text)
    _float_round                             0x08000d4d   Thumb Code    18  fepilogue.o(.text)
    _float_epilogue                          0x08000d5f   Thumb Code    92  fepilogue.o(.text)
    __semihosting_library_function           0x08000dbb   Thumb Code     0  semi.o(.text)
    isspace                                  0x08000dbb   Thumb Code    10  isspace_c.o(.text)
    __vfscanf                                0x08000dc5   Thumb Code   808  _scanf.o(.text)
    __I$use$semihosting$fgetc                0x080010f7   Thumb Code     0  iusesemig.o(.text)
    __ctype_lookup                           0x080010f9   Thumb Code    34  ctype_c.o(.text)
    __decompress                             0x08001121   Thumb Code     0  __dczerorl2.o(.text)
    __decompress1                            0x08001121   Thumb Code    86  __dczerorl2.o(.text)
    BusFault_Handler                         0x08001179   Thumb Code     2  stm32l4xx_it.o(.text.BusFault_Handler)
    DebugMon_Handler                         0x0800117d   Thumb Code     2  stm32l4xx_it.o(.text.DebugMon_Handler)
    Error_Handler                            0x08001181   Thumb Code    10  main.o(.text.Error_Handler)
    HAL_CRCEx_Polynomial_Set                 0x0800118d   Thumb Code   140  stm32l4xx_hal_crc_ex.o(.text.HAL_CRCEx_Polynomial_Set)
    HAL_CRC_Init                             0x08001219   Thumb Code   120  stm32l4xx_hal_crc.o(.text.HAL_CRC_Init)
    HAL_CRC_MspInit                          0x08001291   Thumb Code    50  crc.o(.text.HAL_CRC_MspInit)
    HAL_Delay                                0x080012c5   Thumb Code    40  stm32l4xx_hal.o(.text.HAL_Delay)
    HAL_GPIO_Init                            0x080012ed   Thumb Code   494  stm32l4xx_hal_gpio.o(.text.HAL_GPIO_Init)
    HAL_GPIO_WritePin                        0x080014e1   Thumb Code    12  stm32l4xx_hal_gpio.o(.text.HAL_GPIO_WritePin)
    HAL_GetTick                              0x080014ed   Thumb Code    12  stm32l4xx_hal.o(.text.HAL_GetTick)
    HAL_IncTick                              0x080014f9   Thumb Code    26  stm32l4xx_hal.o(.text.HAL_IncTick)
    HAL_Init                                 0x08001515   Thumb Code    30  stm32l4xx_hal.o(.text.HAL_Init)
    HAL_InitTick                             0x08001535   Thumb Code    76  stm32l4xx_hal.o(.text.HAL_InitTick)
    HAL_MspInit                              0x08001581   Thumb Code    50  stm32l4xx_hal_msp.o(.text.HAL_MspInit)
    HAL_NVIC_SetPriority                     0x080015b5   Thumb Code    86  stm32l4xx_hal_cortex.o(.text.HAL_NVIC_SetPriority)
    HAL_NVIC_SetPriorityGrouping             0x0800160d   Thumb Code    32  stm32l4xx_hal_cortex.o(.text.HAL_NVIC_SetPriorityGrouping)
    HAL_PWREx_ControlVoltageScaling          0x0800162d   Thumb Code   140  stm32l4xx_hal_pwr_ex.o(.text.HAL_PWREx_ControlVoltageScaling)
    HAL_PWREx_GetVoltageRange                0x080016b9   Thumb Code    16  stm32l4xx_hal_pwr_ex.o(.text.HAL_PWREx_GetVoltageRange)
    HAL_RCCEx_PeriphCLKConfig                0x080016c9   Thumb Code   648  stm32l4xx_hal_rcc_ex.o(.text.HAL_RCCEx_PeriphCLKConfig)
    HAL_RCC_ClockConfig                      0x08001951   Thumb Code   634  stm32l4xx_hal_rcc.o(.text.HAL_RCC_ClockConfig)
    HAL_RCC_GetPCLK1Freq                     0x08001bcd   Thumb Code    42  stm32l4xx_hal_rcc.o(.text.HAL_RCC_GetPCLK1Freq)
    HAL_RCC_GetPCLK2Freq                     0x08001bf9   Thumb Code    42  stm32l4xx_hal_rcc.o(.text.HAL_RCC_GetPCLK2Freq)
    HAL_RCC_GetSysClockFreq                  0x08001c25   Thumb Code   194  stm32l4xx_hal_rcc.o(.text.HAL_RCC_GetSysClockFreq)
    HAL_RCC_OscConfig                        0x08001ce9   Thumb Code  2000  stm32l4xx_hal_rcc.o(.text.HAL_RCC_OscConfig)
    HAL_SYSTICK_Config                       0x080024b9   Thumb Code    44  stm32l4xx_hal_cortex.o(.text.HAL_SYSTICK_Config)
    HAL_UART_Init                            0x080024e5   Thumb Code   194  stm32l4xx_hal_uart.o(.text.HAL_UART_Init)
    HAL_UART_MspInit                         0x080025a9   Thumb Code   124  usart.o(.text.HAL_UART_MspInit)
    HAL_UART_Receive                         0x08002625   Thumb Code   252  stm32l4xx_hal_uart.o(.text.HAL_UART_Receive)
    HAL_UART_Transmit                        0x08002721   Thumb Code   216  stm32l4xx_hal_uart.o(.text.HAL_UART_Transmit)
    HardFault_Handler                        0x080027f9   Thumb Code     2  stm32l4xx_it.o(.text.HardFault_Handler)
    LL_TIM_Init                              0x080027fd   Thumb Code   138  stm32l4xx_ll_tim.o(.text.LL_TIM_Init)
    MX_CRC_Init                              0x08002889   Thumb Code    50  crc.o(.text.MX_CRC_Init)
    MX_GPIO_Init                             0x080028bd   Thumb Code   112  gpio.o(.text.MX_GPIO_Init)
    MX_TIM2_Init                             0x0800292d   Thumb Code   152  tim.o(.text.MX_TIM2_Init)
    MX_USART2_UART_Init                      0x080029c5   Thumb Code    64  usart.o(.text.MX_USART2_UART_Init)
    MX_X_CUBE_AI_Init                        0x08002a05   Thumb Code    66  app_x-cube-ai.o(.text.MX_X_CUBE_AI_Init)
    MemManage_Handler                        0x08002a49   Thumb Code     2  stm32l4xx_it.o(.text.MemManage_Handler)
    NMI_Handler                              0x08002a4d   Thumb Code     2  stm32l4xx_it.o(.text.NMI_Handler)
    PendSV_Handler                           0x08002a51   Thumb Code     2  stm32l4xx_it.o(.text.PendSV_Handler)
    SVC_Handler                              0x08002bc1   Thumb Code     2  stm32l4xx_it.o(.text.SVC_Handler)
    SysTick_Handler                          0x08002bc5   Thumb Code     4  stm32l4xx_it.o(.text.SysTick_Handler)
    SystemClock_Config                       0x08002bc9   Thumb Code   164  main.o(.text.SystemClock_Config)
    SystemInit                               0x08002c6d   Thumb Code    18  system_stm32l4xx.o(.text.SystemInit)
    TIM2_IRQHandler                          0x08002c81   Thumb Code     2  stm32l4xx_it.o(.text.TIM2_IRQHandler)
    UART_AdvFeatureConfig                    0x08002c85   Thumb Code   232  stm32l4xx_hal_uart.o(.text.UART_AdvFeatureConfig)
    UART_SetConfig                           0x08002d6d   Thumb Code   520  stm32l4xx_hal_uart.o(.text.UART_SetConfig)
    UART_WaitOnFlagUntilTimeout              0x08002f85   Thumb Code   526  stm32l4xx_hal_uart.o(.text.UART_WaitOnFlagUntilTimeout)
    UsageFault_Handler                       0x08003195   Thumb Code     2  stm32l4xx_it.o(.text.UsageFault_Handler)
    aiRun                                    0x08003199   Thumb Code    44  app_x-cube-ai.o(.text.aiRun)
    ai_network_create_and_init               0x080031c5   Thumb Code   170  network.o(.text.ai_network_create_and_init)
    ai_network_data_params_get               0x08003271   Thumb Code    56  network_data.o(.text.ai_network_data_params_get)
    ai_network_get_error                     0x080032a9   Thumb Code     4  network.o(.text.ai_network_get_error)
    ai_network_init                          0x080032ad   Thumb Code   662  network.o(.text.ai_network_init)
    ai_network_inputs_get                    0x08003549   Thumb Code    30  network.o(.text.ai_network_inputs_get)
    ai_network_outputs_get                   0x08003569   Thumb Code    30  network.o(.text.ai_network_outputs_get)
    ai_network_run                           0x08003589   Thumb Code     4  network.o(.text.ai_network_run)
    fgetc                                    0x0800358d   Thumb Code    34  usart.o(.text.fgetc)
    fputc                                    0x080035b1   Thumb Code    32  usart.o(.text.fputc)
    main                                     0x080035d1   Thumb Code   352  main.o(.text.main)
    __0printf                                0x080037c9   Thumb Code    22  printfa.o(i.__0printf)
    __1printf                                0x080037c9   Thumb Code     0  printfa.o(i.__0printf)
    __2printf                                0x080037c9   Thumb Code     0  printfa.o(i.__0printf)
    __c89printf                              0x080037c9   Thumb Code     0  printfa.o(i.__0printf)
    printf                                   0x080037c9   Thumb Code     0  printfa.o(i.__0printf)
    free                                     0x080038e1   Thumb Code    88  mallocr.o(i.__free$realloc)
    malloc                                   0x0800393d   Thumb Code    64  mallocr.o(i.__malloc$realloc)
    __scatterload_copy                       0x0800398d   Thumb Code    14  handlers.o(i.__scatterload_copy)
    __scatterload_null                       0x0800399b   Thumb Code     2  handlers.o(i.__scatterload_null)
    __scatterload_zeroinit                   0x0800399d   Thumb Code    14  handlers.o(i.__scatterload_zeroinit)
    _ai_platform_acquire_crc                 0x08003bd3   Thumb Code     4  ai_platform_interface.o(i._ai_platform_acquire_crc)
    _ai_platform_release_crc                 0x08003caf   Thumb Code     2  ai_platform_interface.o(i._ai_platform_release_crc)
    _is_digit                                0x08003e3b   Thumb Code    14  scanf_fp.o(i._is_digit)
    ai_array_get_byte_size                   0x080049ad   Thumb Code    54  ai_datatypes_format.o(i.ai_array_get_byte_size)
    ai_array_get_data_byte_size              0x080049e3   Thumb Code    30  ai_datatypes_format.o(i.ai_array_get_data_byte_size)
    ai_array_to_buffer_fmt                   0x08004a01   Thumb Code   242  ai_datatypes_format.o(i.ai_array_to_buffer_fmt)
    ai_buffer_array_item_set_address         0x08004b29   Thumb Code    36  ai_platform.o(i.ai_buffer_array_item_set_address)
    ai_buffer_array_sane                     0x08004b4d   Thumb Code    18  ai_platform.o(i.ai_buffer_array_sane)
    ai_buffer_get_size                       0x08004b61   Thumb Code    96  ai_platform.o(i.ai_buffer_get_size)
    ai_check_custom_types                    0x08004bc9   Thumb Code    38  layers.o(i.ai_check_custom_types)
    ai_dict_decompress_f32                   0x08005289   Thumb Code   122  layers_conv2d_generic_float.o(i.ai_dict_decompress_f32)
    ai_layers_forward_all                    0x08005303   Thumb Code    78  layers.o(i.ai_layers_forward_all)
    ai_layers_init_all                       0x08005351   Thumb Code    30  layers.o(i.ai_layers_init_all)
    ai_layers_post_init_all                  0x0800536f   Thumb Code    54  layers.o(i.ai_layers_post_init_all)
    ai_platform_bind_network_params          0x080053a5   Thumb Code    38  ai_platform_interface.o(i.ai_platform_bind_network_params)
    ai_platform_context_acquire              0x080053d1   Thumb Code    24  ai_platform_interface.o(i.ai_platform_context_acquire)
    ai_platform_get_activations_map          0x080053ed   Thumb Code    38  ai_platform_interface.o(i.ai_platform_get_activations_map)
    ai_platform_get_weights_map              0x08005419   Thumb Code    36  ai_platform_interface.o(i.ai_platform_get_weights_map)
    ai_platform_inputs_get                   0x08005441   Thumb Code    60  ai_platform_interface.o(i.ai_platform_inputs_get)
    ai_platform_interface_api_get_version    0x0800547d   Thumb Code    14  ai_platform_interface.o(i.ai_platform_interface_api_get_version)
    ai_platform_network_create               0x08005491   Thumb Code   240  ai_platform_interface.o(i.ai_platform_network_create)
    ai_platform_network_get_error            0x080055a1   Thumb Code    24  ai_platform_interface.o(i.ai_platform_network_get_error)
    ai_platform_network_init                 0x080055bd   Thumb Code   254  ai_platform_interface.o(i.ai_platform_network_init)
    ai_platform_network_post_init            0x080056cf   Thumb Code    70  ai_platform_interface.o(i.ai_platform_network_post_init)
    ai_platform_network_process              0x08005715   Thumb Code    84  ai_platform_interface.o(i.ai_platform_network_process)
    ai_platform_network_set_error            0x08005769   Thumb Code    12  ai_platform_interface.o(i.ai_platform_network_set_error)
    ai_platform_outputs_get                  0x08005775   Thumb Code    68  ai_platform_interface.o(i.ai_platform_outputs_get)
    ai_version_get                           0x080057d3   Thumb Code    12  ai_datatypes_internal.o(i.ai_version_get)
    core_get_error                           0x080057df   Thumb Code    12  core_common.o(i.core_get_error)
    core_init                                0x080057eb   Thumb Code     4  core_common.o(i.core_init)
    core_set_error                           0x08005821   Thumb Code    26  core_common.o(i.core_set_error)
    forward_bn                               0x0800583d   Thumb Code   298  layers_norm_generic_float.o(i.forward_bn)
    forward_conv2d                           0x08005969   Thumb Code   656  layers_conv2d_generic_float.o(i.forward_conv2d)
    forward_dense                            0x08005c05   Thumb Code   514  layers_conv2d_generic_float.o(i.forward_dense)
    forward_transpose                        0x08005e13   Thumb Code    76  layers_generic_float.o(i.forward_transpose)
    get_tensor_byte_size                     0x08005e61   Thumb Code    34  ai_datatypes_internal.o(i.get_tensor_byte_size)
    nl_func_relu_array_f32                   0x08005ed9   Thumb Code    62  layers_nl_generic_float.o(i.nl_func_relu_array_f32)
    __ctype_categories                       0x0800637c   Data          64  ctype_c.o(.constdata)
    AHBPrescTable                            0x080063d0   Data          16  system_stm32l4xx.o(.rodata.AHBPrescTable)
    APBPrescTable                            0x080063e0   Data           8  system_stm32l4xx.o(.rodata.APBPrescTable)
    MSIRangeTable                            0x080063e8   Data          48  system_stm32l4xx.o(.rodata.MSIRangeTable)
    s_network_weights_array_u64              0x080064a0   Data        6136  network_data_params.o(.rodata.s_network_weights_array_u64)
    Region$$Table$$Base                      0x08007c98   Number         0  anon$$obj.o(Region$$Table)
    Region$$Table$$Limit                     0x08007cb8   Number         0  anon$$obj.o(Region$$Table)
    __stdin                                  0x20000000   Data           4  stdin.o(.data)
    __stdout                                 0x20000004   Data           4  stdout.o(.data)
    __microlib_freelist                      0x20000008   Data           4  mvars.o(.data)
    __microlib_freelist_initialised          0x2000000c   Data           4  mvars.o(.data)
    uwTickFreq                               0x20000084   Data           1  stm32l4xx_hal.o(.data..L_MergedGlobals)
    uwTickPrio                               0x20000088   Data           4  stm32l4xx_hal.o(.data..L_MergedGlobals)
    SystemCoreClock                          0x20000aa0   Data           4  system_stm32l4xx.o(.data.SystemCoreClock)
    g_network_data_map_activations           0x20000af0   Data          28  network_data.o(.data.g_network_data_map_activations)
    g_network_data_map_weights               0x20000b0c   Data          28  network_data.o(.data.g_network_data_map_weights)
    hcrc                                     0x2000265c   Data          36  crc.o(.bss.hcrc)
    huart2                                   0x20002680   Data         132  usart.o(.bss.huart2)
    input                                    0x20002704   Data        5000  main.o(.bss.input)
    result                                   0x20003a8c   Data           8  main.o(.bss.result)
    uwTick                                   0x20003a94   Data           4  stm32l4xx_hal.o(.bss.uwTick)
    __heap_base                              0x20003a98   Data           0  startup_stm32l432xx.o(HEAP)
    __heap_limit                             0x20004298   Data           0  startup_stm32l432xx.o(HEAP)
    __initial_sp                             0x20006298   Data           0  startup_stm32l432xx.o(STACK)



==============================================================================

Memory Map of the image

  Image Entry point : 0x0800018d

  Load Region LR_IROM1 (Base: 0x08000000, Size: 0x00008e00, Max: 0x00040000, ABSOLUTE, COMPRESSED[0x000082c0])

    Execution Region ER_IROM1 (Exec base: 0x08000000, Load base: 0x08000000, Size: 0x00007cb8, Max: 0x00040000, ABSOLUTE)

    Exec Addr    Load Addr    Size         Type   Attr      Idx    E Section Name        Object

    0x08000000   0x08000000   0x0000018c   Data   RO            3    RESET               startup_stm32l432xx.o
    0x0800018c   0x0800018c   0x00000000   Code   RO         2507  * .ARM.Collect$$$$00000000  mc_w.l(entry.o)
    0x0800018c   0x0800018c   0x00000004   Code   RO         2853    .ARM.Collect$$$$00000001  mc_w.l(entry2.o)
    0x08000190   0x08000190   0x00000004   Code   RO         2856    .ARM.Collect$$$$00000004  mc_w.l(entry5.o)
    0x08000194   0x08000194   0x00000000   Code   RO         2858    .ARM.Collect$$$$00000008  mc_w.l(entry7b.o)
    0x08000194   0x08000194   0x00000000   Code   RO         2860    .ARM.Collect$$$$0000000A  mc_w.l(entry8b.o)
    0x08000194   0x08000194   0x00000008   Code   RO         2861    .ARM.Collect$$$$0000000B  mc_w.l(entry9a.o)
    0x0800019c   0x0800019c   0x00000000   Code   RO         2863    .ARM.Collect$$$$0000000D  mc_w.l(entry10a.o)
    0x0800019c   0x0800019c   0x00000000   Code   RO         2865    .ARM.Collect$$$$0000000F  mc_w.l(entry11a.o)
    0x0800019c   0x0800019c   0x00000004   Code   RO         2854    .ARM.Collect$$$$00002712  mc_w.l(entry2.o)
    0x080001a0   0x080001a0   0x00000024   Code   RO            4    .text               startup_stm32l432xx.o
    0x080001c4   0x080001c4   0x00000068   Code   RO         2510    .text               mc_w.l(uldiv.o)
    0x0800022c   0x0800022c   0x00000024   Code   RO         2515    .text               mc_w.l(memcpya.o)
    0x08000250   0x08000250   0x00000024   Code   RO         2517    .text               mc_w.l(memseta.o)
    0x08000274   0x08000274   0x0000001a   Code   RO         2519    .text               mc_w.l(memcmp.o)
    0x0800028e   0x0800028e   0x00000002   PAD
    0x08000290   0x08000290   0x00000020   Code   RO         2812    .text               mc_w.l(__0scanf.o)
    0x080002b0   0x080002b0   0x00000152   Code   RO         2814    .text               mc_w.l(_scanf_int.o)
    0x08000402   0x08000402   0x00000002   PAD
    0x08000404   0x08000404   0x00000366   Code   RO         2816    .text               mc_w.l(scanf_fp.o)
    0x0800076a   0x0800076a   0x0000015e   Code   RO         2820    .text               mf_w.l(dadd.o)
    0x080008c8   0x080008c8   0x000000de   Code   RO         2822    .text               mf_w.l(ddiv.o)
    0x080009a6   0x080009a6   0x0000001a   Code   RO         2824    .text               mf_w.l(dfltui.o)
    0x080009c0   0x080009c0   0x0000002c   Code   RO         2878    .text               mc_w.l(uidiv.o)
    0x080009ec   0x080009ec   0x0000001e   Code   RO         2880    .text               mc_w.l(llshl.o)
    0x08000a0a   0x08000a0a   0x00000020   Code   RO         2882    .text               mc_w.l(llushr.o)
    0x08000a2a   0x08000a2a   0x00000024   Code   RO         2884    .text               mc_w.l(llsshr.o)
    0x08000a4e   0x08000a4e   0x0000001c   Code   RO         2895    .text               mc_w.l(_chval.o)
    0x08000a6a   0x08000a6a   0x00000002   PAD
    0x08000a6c   0x08000a6c   0x00000014   Code   RO         2897    .text               mc_w.l(scanf_char_file.o)
    0x08000a80   0x08000a80   0x00000000   Code   RO         2899    .text               mc_w.l(iusefp.o)
    0x08000a80   0x08000a80   0x000000ba   Code   RO         2904    .text               mf_w.l(depilogue.o)
    0x08000b3a   0x08000b3a   0x000000ea   Code   RO         2906    .text               mf_w.l(dmul.o)
    0x08000c24   0x08000c24   0x00000018   Code   RO         2908    .text               mf_w.l(dfltul.o)
    0x08000c3c   0x08000c3c   0x00000030   Code   RO         2910    .text               mf_w.l(dfixul.o)
    0x08000c6c   0x08000c6c   0x00000030   Code   RO         2912    .text               mf_w.l(cdrcmple.o)
    0x08000c9c   0x08000c9c   0x00000038   Code   RO         2914    .text               mf_w.l(d2f.o)
    0x08000cd4   0x08000cd4   0x00000024   Code   RO         2918    .text               mc_w.l(init.o)
    0x08000cf8   0x08000cf8   0x0000002c   Code   RO         2920    .text               mc_w.l(fgetc_b.o)
    0x08000d24   0x08000d24   0x00000028   Code   RO         2923    .text               mc_w.l(scanf_char.o)
    0x08000d4c   0x08000d4c   0x0000006e   Code   RO         2925    .text               mf_w.l(fepilogue.o)
    0x08000dba   0x08000dba   0x00000000   Code   RO         2927    .text               mc_w.l(semi.o)
    0x08000dba   0x08000dba   0x0000000a   Code   RO         2928    .text               mc_w.l(isspace_c.o)
    0x08000dc4   0x08000dc4   0x00000332   Code   RO         2930    .text               mc_w.l(_scanf.o)
    0x080010f6   0x080010f6   0x00000000   Code   RO         2932    .text               mc_w.l(iusesemig.o)
    0x080010f6   0x080010f6   0x00000002   PAD
    0x080010f8   0x080010f8   0x00000028   Code   RO         2933    .text               mc_w.l(ctype_c.o)
    0x08001120   0x08001120   0x00000056   Code   RO         2944    .text               mc_w.l(__dczerorl2.o)
    0x08001176   0x08001176   0x00000002   PAD
    0x08001178   0x08001178   0x00000002   Code   RO          395    .text.BusFault_Handler  stm32l4xx_it.o
    0x0800117a   0x0800117a   0x00000002   PAD
    0x0800117c   0x0800117c   0x00000002   Code   RO          401    .text.DebugMon_Handler  stm32l4xx_it.o
    0x0800117e   0x0800117e   0x00000002   PAD
    0x08001180   0x08001180   0x0000000a   Code   RO          298    .text.Error_Handler  main.o
    0x0800118a   0x0800118a   0x00000002   PAD
    0x0800118c   0x0800118c   0x0000008c   Code   RO          484    .text.HAL_CRCEx_Polynomial_Set  stm32l4xx_hal_crc_ex.o
    0x08001218   0x08001218   0x00000078   Code   RO          462    .text.HAL_CRC_Init  stm32l4xx_hal_crc.o
    0x08001290   0x08001290   0x00000032   Code   RO          322    .text.HAL_CRC_MspInit  crc.o
    0x080012c2   0x080012c2   0x00000002   PAD
    0x080012c4   0x080012c4   0x00000028   Code   RO          518    .text.HAL_Delay     stm32l4xx_hal.o
    0x080012ec   0x080012ec   0x000001f4   Code   RO          900    .text.HAL_GPIO_Init  stm32l4xx_hal_gpio.o
    0x080014e0   0x080014e0   0x0000000c   Code   RO          906    .text.HAL_GPIO_WritePin  stm32l4xx_hal_gpio.o
    0x080014ec   0x080014ec   0x0000000c   Code   RO          510    .text.HAL_GetTick   stm32l4xx_hal.o
    0x080014f8   0x080014f8   0x0000001a   Code   RO          508    .text.HAL_IncTick   stm32l4xx_hal.o
    0x08001512   0x08001512   0x00000002   PAD
    0x08001514   0x08001514   0x0000001e   Code   RO          498    .text.HAL_Init      stm32l4xx_hal.o
    0x08001532   0x08001532   0x00000002   PAD
    0x08001534   0x08001534   0x0000004c   Code   RO          500    .text.HAL_InitTick  stm32l4xx_hal.o
    0x08001580   0x08001580   0x00000032   Code   RO          416    .text.HAL_MspInit   stm32l4xx_hal_msp.o
    0x080015b2   0x080015b2   0x00000002   PAD
    0x080015b4   0x080015b4   0x00000056   Code   RO         1075    .text.HAL_NVIC_SetPriority  stm32l4xx_hal_cortex.o
    0x0800160a   0x0800160a   0x00000002   PAD
    0x0800160c   0x0800160c   0x00000020   Code   RO         1073    .text.HAL_NVIC_SetPriorityGrouping  stm32l4xx_hal_cortex.o
    0x0800162c   0x0800162c   0x0000008c   Code   RO          999    .text.HAL_PWREx_ControlVoltageScaling  stm32l4xx_hal_pwr_ex.o
    0x080016b8   0x080016b8   0x00000010   Code   RO          997    .text.HAL_PWREx_GetVoltageRange  stm32l4xx_hal_pwr_ex.o
    0x080016c8   0x080016c8   0x00000288   Code   RO          776    .text.HAL_RCCEx_PeriphCLKConfig  stm32l4xx_hal_rcc_ex.o
    0x08001950   0x08001950   0x0000027a   Code   RO          746    .text.HAL_RCC_ClockConfig  stm32l4xx_hal_rcc.o
    0x08001bca   0x08001bca   0x00000002   PAD
    0x08001bcc   0x08001bcc   0x0000002a   Code   RO          752    .text.HAL_RCC_GetPCLK1Freq  stm32l4xx_hal_rcc.o
    0x08001bf6   0x08001bf6   0x00000002   PAD
    0x08001bf8   0x08001bf8   0x0000002a   Code   RO          754    .text.HAL_RCC_GetPCLK2Freq  stm32l4xx_hal_rcc.o
    0x08001c22   0x08001c22   0x00000002   PAD
    0x08001c24   0x08001c24   0x000000c2   Code   RO          744    .text.HAL_RCC_GetSysClockFreq  stm32l4xx_hal_rcc.o
    0x08001ce6   0x08001ce6   0x00000002   PAD
    0x08001ce8   0x08001ce8   0x000007d0   Code   RO          742    .text.HAL_RCC_OscConfig  stm32l4xx_hal_rcc.o
    0x080024b8   0x080024b8   0x0000002c   Code   RO         1085    .text.HAL_SYSTICK_Config  stm32l4xx_hal_cortex.o
    0x080024e4   0x080024e4   0x000000c2   Code   RO         1209    .text.HAL_UART_Init  stm32l4xx_hal_uart.o
    0x080025a6   0x080025a6   0x00000002   PAD
    0x080025a8   0x080025a8   0x0000007c   Code   RO          372    .text.HAL_UART_MspInit  usart.o
    0x08002624   0x08002624   0x000000fc   Code   RO         1233    .text.HAL_UART_Receive  stm32l4xx_hal_uart.o
    0x08002720   0x08002720   0x000000d8   Code   RO         1229    .text.HAL_UART_Transmit  stm32l4xx_hal_uart.o
    0x080027f8   0x080027f8   0x00000002   Code   RO          391    .text.HardFault_Handler  stm32l4xx_it.o
    0x080027fa   0x080027fa   0x00000002   PAD
    0x080027fc   0x080027fc   0x0000008a   Code   RO         1151    .text.LL_TIM_Init   stm32l4xx_ll_tim.o
    0x08002886   0x08002886   0x00000002   PAD
    0x08002888   0x08002888   0x00000032   Code   RO          320    .text.MX_CRC_Init   crc.o
    0x080028ba   0x080028ba   0x00000002   PAD
    0x080028bc   0x080028bc   0x00000070   Code   RO          311    .text.MX_GPIO_Init  gpio.o
    0x0800292c   0x0800292c   0x00000098   Code   RO          362    .text.MX_TIM2_Init  tim.o
    0x080029c4   0x080029c4   0x00000040   Code   RO          370    .text.MX_USART2_UART_Init  usart.o
    0x08002a04   0x08002a04   0x00000042   Code   RO          343    .text.MX_X_CUBE_AI_Init  app_x-cube-ai.o
    0x08002a46   0x08002a46   0x00000002   PAD
    0x08002a48   0x08002a48   0x00000002   Code   RO          393    .text.MemManage_Handler  stm32l4xx_it.o
    0x08002a4a   0x08002a4a   0x00000002   PAD
    0x08002a4c   0x08002a4c   0x00000002   Code   RO          389    .text.NMI_Handler   stm32l4xx_it.o
    0x08002a4e   0x08002a4e   0x00000002   PAD
    0x08002a50   0x08002a50   0x00000002   Code   RO          403    .text.PendSV_Handler  stm32l4xx_it.o
    0x08002a52   0x08002a52   0x00000002   PAD
    0x08002a54   0x08002a54   0x0000016a   Code   RO          778    .text.RCCEx_PLLSAI1_Config  stm32l4xx_hal_rcc_ex.o
    0x08002bbe   0x08002bbe   0x00000002   PAD
    0x08002bc0   0x08002bc0   0x00000002   Code   RO          399    .text.SVC_Handler   stm32l4xx_it.o
    0x08002bc2   0x08002bc2   0x00000002   PAD
    0x08002bc4   0x08002bc4   0x00000004   Code   RO          405    .text.SysTick_Handler  stm32l4xx_it.o
    0x08002bc8   0x08002bc8   0x000000a4   Code   RO          296    .text.SystemClock_Config  main.o
    0x08002c6c   0x08002c6c   0x00000012   Code   RO         1374    .text.SystemInit    system_stm32l4xx.o
    0x08002c7e   0x08002c7e   0x00000002   PAD
    0x08002c80   0x08002c80   0x00000002   Code   RO          407    .text.TIM2_IRQHandler  stm32l4xx_it.o
    0x08002c82   0x08002c82   0x00000002   PAD
    0x08002c84   0x08002c84   0x000000e8   Code   RO         1215    .text.UART_AdvFeatureConfig  stm32l4xx_hal_uart.o
    0x08002d6c   0x08002d6c   0x00000218   Code   RO         1213    .text.UART_SetConfig  stm32l4xx_hal_uart.o
    0x08002f84   0x08002f84   0x0000020e   Code   RO         1231    .text.UART_WaitOnFlagUntilTimeout  stm32l4xx_hal_uart.o
    0x08003192   0x08003192   0x00000002   PAD
    0x08003194   0x08003194   0x00000002   Code   RO          397    .text.UsageFault_Handler  stm32l4xx_it.o
    0x08003196   0x08003196   0x00000002   PAD
    0x08003198   0x08003198   0x0000002c   Code   RO          341    .text.aiRun         app_x-cube-ai.o
    0x080031c4   0x080031c4   0x000000aa   Code   RO           19    .text.ai_network_create_and_init  network.o
    0x0800326e   0x0800326e   0x00000002   PAD
    0x08003270   0x08003270   0x00000038   Code   RO          268    .text.ai_network_data_params_get  network_data.o
    0x080032a8   0x080032a8   0x00000004   Code   RO           15    .text.ai_network_get_error  network.o
    0x080032ac   0x080032ac   0x0000029c   Code   RO           21    .text.ai_network_init  network.o
    0x08003548   0x08003548   0x0000001e   Code   RO           23    .text.ai_network_inputs_get  network.o
    0x08003566   0x08003566   0x00000002   PAD
    0x08003568   0x08003568   0x0000001e   Code   RO           25    .text.ai_network_outputs_get  network.o
    0x08003586   0x08003586   0x00000002   PAD
    0x08003588   0x08003588   0x00000004   Code   RO           29    .text.ai_network_run  network.o
    0x0800358c   0x0800358c   0x00000022   Code   RO          378    .text.fgetc         usart.o
    0x080035ae   0x080035ae   0x00000002   PAD
    0x080035b0   0x080035b0   0x00000020   Code   RO          376    .text.fputc         usart.o
    0x080035d0   0x080035d0   0x0000018c   Code   RO          294    .text.main          main.o
    0x0800375c   0x0800375c   0x0000006c   Code   RO         1406    i.CRC_Lock          NetworkRuntime720_CM4_Keil.lib(ai_platform_interface.o)
    0x080037c8   0x080037c8   0x00000020   Code   RO         2756    i.__0printf         mc_w.l(printfa.o)
    0x080037e8   0x080037e8   0x000000f8   Code   RO         1487    i.__ai_math_dot_array  NetworkRuntime720_CM4_Keil.lib(layers_conv2d_generic_float.o)
    0x080038e0   0x080038e0   0x0000005c   Code   RO         2788    i.__free$realloc    mc_w.l(mallocr.o)
    0x0800393c   0x0800393c   0x00000050   Code   RO         2789    i.__malloc$realloc  mc_w.l(mallocr.o)
    0x0800398c   0x0800398c   0x0000000e   Code   RO         2938    i.__scatterload_copy  mc_w.l(handlers.o)
    0x0800399a   0x0800399a   0x00000002   Code   RO         2939    i.__scatterload_null  mc_w.l(handlers.o)
    0x0800399c   0x0800399c   0x0000000e   Code   RO         2940    i.__scatterload_zeroinit  mc_w.l(handlers.o)
    0x080039aa   0x080039aa   0x00000002   PAD
    0x080039ac   0x080039ac   0x0000012c   Code   RO         1488    i._ai_dict4_dot_array_f32  NetworkRuntime720_CM4_Keil.lib(layers_conv2d_generic_float.o)
    0x08003ad8   0x08003ad8   0x000000e8   Code   RO         1489    i._ai_dict8_dot_array_f32  NetworkRuntime720_CM4_Keil.lib(layers_conv2d_generic_float.o)
    0x08003bc0   0x08003bc0   0x00000012   Code   RO         2285    i._ai_forward_layer  NetworkRuntime720_CM4_Keil.lib(layers.o)
    0x08003bd2   0x08003bd2   0x00000004   Code   RO         1407    i._ai_platform_acquire_crc  NetworkRuntime720_CM4_Keil.lib(ai_platform_interface.o)
    0x08003bd6   0x08003bd6   0x00000002   PAD
    0x08003bd8   0x08003bd8   0x000000d6   Code   RO         1408    i._ai_platform_get_io_buffers_info  NetworkRuntime720_CM4_Keil.lib(ai_platform_interface.o)
    0x08003cae   0x08003cae   0x00000002   Code   RO         1409    i._ai_platform_release_crc  NetworkRuntime720_CM4_Keil.lib(ai_platform_interface.o)
    0x08003cb0   0x08003cb0   0x0000018a   Code   RO         2763    i._fp_digits        mc_w.l(printfa.o)
    0x08003e3a   0x08003e3a   0x0000000e   Code   RO         2818    i._is_digit         mc_w.l(scanf_fp.o)
    0x08003e48   0x08003e48   0x0000004c   Code   RO         1410    i._platform_ai_buffer_array_copy  NetworkRuntime720_CM4_Keil.lib(ai_platform_interface.o)
    0x08003e94   0x08003e94   0x00000050   Code   RO         1411    i._platform_get_table_map_from_buffer  NetworkRuntime720_CM4_Keil.lib(ai_platform_interface.o)
    0x08003ee4   0x08003ee4   0x00000044   Code   RO         1412    i._platform_get_table_map_from_buffer_array  NetworkRuntime720_CM4_Keil.lib(ai_platform_interface.o)
    0x08003f28   0x08003f28   0x00000014   Code   RO         1413    i._platform_network_buffers_signature_valid  NetworkRuntime720_CM4_Keil.lib(ai_platform_interface.o)
    0x08003f3c   0x08003f3c   0x00000216   Code   RO         1414    i._platform_network_io_bind  NetworkRuntime720_CM4_Keil.lib(ai_platform_interface.o)
    0x08004152   0x08004152   0x0000003e   Code   RO         1415    i._platform_network_state_setup  NetworkRuntime720_CM4_Keil.lib(ai_platform_interface.o)
    0x08004190   0x08004190   0x00000068   Code   RO         1416    i._platform_network_state_update_input  NetworkRuntime720_CM4_Keil.lib(ai_platform_interface.o)
    0x080041f8   0x080041f8   0x00000080   Code   RO         1417    i._platform_network_state_update_output  NetworkRuntime720_CM4_Keil.lib(ai_platform_interface.o)
    0x08004278   0x08004278   0x000006e2   Code   RO         2764    i._printf_core      mc_w.l(printfa.o)
    0x0800495a   0x0800495a   0x00000024   Code   RO         2765    i._printf_post_padding  mc_w.l(printfa.o)
    0x0800497e   0x0800497e   0x0000002e   Code   RO         2766    i._printf_pre_padding  mc_w.l(printfa.o)
    0x080049ac   0x080049ac   0x00000036   Code   RO         1815    i.ai_array_get_byte_size  NetworkRuntime720_CM4_Keil.lib(ai_datatypes_format.o)
    0x080049e2   0x080049e2   0x0000001e   Code   RO         1816    i.ai_array_get_data_byte_size  NetworkRuntime720_CM4_Keil.lib(ai_datatypes_format.o)
    0x08004a00   0x08004a00   0x00000128   Code   RO         1818    i.ai_array_to_buffer_fmt  NetworkRuntime720_CM4_Keil.lib(ai_datatypes_format.o)
    0x08004b28   0x08004b28   0x00000024   Code   RO         1392    i.ai_buffer_array_item_set_address  NetworkRuntime720_CM4_Keil.lib(ai_platform.o)
    0x08004b4c   0x08004b4c   0x00000012   Code   RO         1393    i.ai_buffer_array_sane  NetworkRuntime720_CM4_Keil.lib(ai_platform.o)
    0x08004b5e   0x08004b5e   0x00000002   PAD
    0x08004b60   0x08004b60   0x00000068   Code   RO         1395    i.ai_buffer_get_size  NetworkRuntime720_CM4_Keil.lib(ai_platform.o)
    0x08004bc8   0x08004bc8   0x0000002c   Code   RO         2286    i.ai_check_custom_types  NetworkRuntime720_CM4_Keil.lib(layers.o)
    0x08004bf4   0x08004bf4   0x00000126   Code   RO         1490    i.ai_conv2d_kernel_depthwise_f32  NetworkRuntime720_CM4_Keil.lib(layers_conv2d_generic_float.o)
    0x08004d1a   0x08004d1a   0x00000002   PAD
    0x08004d1c   0x08004d1c   0x0000016a   Code   RO         1491    i.ai_conv2d_kernel_group_f32  NetworkRuntime720_CM4_Keil.lib(layers_conv2d_generic_float.o)
    0x08004e86   0x08004e86   0x00000002   PAD
    0x08004e88   0x08004e88   0x0000018c   Code   RO         1492    i.ai_conv2d_kernel_simple_opt_f32  NetworkRuntime720_CM4_Keil.lib(layers_conv2d_generic_float.o)
    0x08005014   0x08005014   0x00000274   Code   RO         1493    i.ai_conv2d_stripe_f32  NetworkRuntime720_CM4_Keil.lib(layers_conv2d_generic_float.o)
    0x08005288   0x08005288   0x0000007a   Code   RO         1496    i.ai_dict_decompress_f32  NetworkRuntime720_CM4_Keil.lib(layers_conv2d_generic_float.o)
    0x08005302   0x08005302   0x0000004e   Code   RO         2290    i.ai_layers_forward_all  NetworkRuntime720_CM4_Keil.lib(layers.o)
    0x08005350   0x08005350   0x0000001e   Code   RO         2291    i.ai_layers_init_all  NetworkRuntime720_CM4_Keil.lib(layers.o)
    0x0800536e   0x0800536e   0x00000036   Code   RO         2292    i.ai_layers_post_init_all  NetworkRuntime720_CM4_Keil.lib(layers.o)
    0x080053a4   0x080053a4   0x0000002c   Code   RO         1421    i.ai_platform_bind_network_params  NetworkRuntime720_CM4_Keil.lib(ai_platform_interface.o)
    0x080053d0   0x080053d0   0x0000001c   Code   RO         1422    i.ai_platform_context_acquire  NetworkRuntime720_CM4_Keil.lib(ai_platform_interface.o)
    0x080053ec   0x080053ec   0x0000002c   Code   RO         1424    i.ai_platform_get_activations_map  NetworkRuntime720_CM4_Keil.lib(ai_platform_interface.o)
    0x08005418   0x08005418   0x00000028   Code   RO         1425    i.ai_platform_get_weights_map  NetworkRuntime720_CM4_Keil.lib(ai_platform_interface.o)
    0x08005440   0x08005440   0x0000003c   Code   RO         1426    i.ai_platform_inputs_get  NetworkRuntime720_CM4_Keil.lib(ai_platform_interface.o)
    0x0800547c   0x0800547c   0x00000014   Code   RO         1427    i.ai_platform_interface_api_get_version  NetworkRuntime720_CM4_Keil.lib(ai_platform_interface.o)
    0x08005490   0x08005490   0x0000010e   Code   RO         1428    i.ai_platform_network_create  NetworkRuntime720_CM4_Keil.lib(ai_platform_interface.o)
    0x0800559e   0x0800559e   0x00000002   PAD
    0x080055a0   0x080055a0   0x0000001c   Code   RO         1430    i.ai_platform_network_get_error  NetworkRuntime720_CM4_Keil.lib(ai_platform_interface.o)
    0x080055bc   0x080055bc   0x00000112   Code   RO         1431    i.ai_platform_network_init  NetworkRuntime720_CM4_Keil.lib(ai_platform_interface.o)
    0x080056ce   0x080056ce   0x00000046   Code   RO         1432    i.ai_platform_network_post_init  NetworkRuntime720_CM4_Keil.lib(ai_platform_interface.o)
    0x08005714   0x08005714   0x00000054   Code   RO         1433    i.ai_platform_network_process  NetworkRuntime720_CM4_Keil.lib(ai_platform_interface.o)
    0x08005768   0x08005768   0x0000000c   Code   RO         1434    i.ai_platform_network_set_error  NetworkRuntime720_CM4_Keil.lib(ai_platform_interface.o)
    0x08005774   0x08005774   0x00000044   Code   RO         1440    i.ai_platform_outputs_get  NetworkRuntime720_CM4_Keil.lib(ai_platform_interface.o)
    0x080057b8   0x080057b8   0x0000001a   Code   RO         1791    i.ai_shape_get_size  NetworkRuntime720_CM4_Keil.lib(layers_norm_generic_float.o)
    0x080057d2   0x080057d2   0x0000000c   Code   RO         1839    i.ai_version_get    NetworkRuntime720_CM4_Keil.lib(ai_datatypes_internal.o)
    0x080057de   0x080057de   0x0000000c   Code   RO         2301    i.core_get_error    NetworkRuntime720_CM4_Keil.lib(core_common.o)
    0x080057ea   0x080057ea   0x00000004   Code   RO         2302    i.core_init         NetworkRuntime720_CM4_Keil.lib(core_common.o)
    0x080057ee   0x080057ee   0x00000010   Code   RO         1498    i.core_nl_get_params_byte_size  NetworkRuntime720_CM4_Keil.lib(layers_conv2d_generic_float.o)
    0x080057fe   0x080057fe   0x00000012   Code   RO         1499    i.core_nl_get_params_ptr  NetworkRuntime720_CM4_Keil.lib(layers_conv2d_generic_float.o)
    0x08005810   0x08005810   0x00000010   Code   RO         1500    i.core_nl_get_params_stride  NetworkRuntime720_CM4_Keil.lib(layers_conv2d_generic_float.o)
    0x08005820   0x08005820   0x0000001a   Code   RO         2303    i.core_set_error    NetworkRuntime720_CM4_Keil.lib(core_common.o)
    0x0800583a   0x0800583a   0x00000002   PAD
    0x0800583c   0x0800583c   0x0000012a   Code   RO         1792    i.forward_bn        NetworkRuntime720_CM4_Keil.lib(layers_norm_generic_float.o)
    0x08005966   0x08005966   0x00000002   PAD
    0x08005968   0x08005968   0x0000029a   Code   RO         1501    i.forward_conv2d    NetworkRuntime720_CM4_Keil.lib(layers_conv2d_generic_float.o)
    0x08005c02   0x08005c02   0x00000002   PAD
    0x08005c04   0x08005c04   0x0000020e   Code   RO         1503    i.forward_dense     NetworkRuntime720_CM4_Keil.lib(layers_conv2d_generic_float.o)
    0x08005e12   0x08005e12   0x0000004c   Code   RO         1565    i.forward_transpose  NetworkRuntime720_CM4_Keil.lib(layers_generic_float.o)
    0x08005e5e   0x08005e5e   0x00000002   Code   RO         1506    i.func_dummy        NetworkRuntime720_CM4_Keil.lib(layers_conv2d_generic_float.o)
    0x08005e60   0x08005e60   0x00000028   Code   RO         1840    i.get_tensor_byte_size  NetworkRuntime720_CM4_Keil.lib(ai_datatypes_internal.o)
    0x08005e88   0x08005e88   0x00000050   Code   RO         2790    i.internal_alloc    mc_w.l(mallocr.o)
    0x08005ed8   0x08005ed8   0x00000044   Code   RO         1684    i.nl_func_relu_array_f32  NetworkRuntime720_CM4_Keil.lib(layers_nl_generic_float.o)
    0x08005f1c   0x08005f1c   0x00000172   Code   RO         1571    i.transpose_items   NetworkRuntime720_CM4_Keil.lib(layers_generic_float.o)
    0x0800608e   0x0800608e   0x00000002   PAD
    0x08006090   0x08006090   0x0000006c   Data   RO         1443    .constdata          NetworkRuntime720_CM4_Keil.lib(ai_platform_interface.o)
    0x080060fc   0x080060fc   0x00000280   Data   RO         1573    .constdata          NetworkRuntime720_CM4_Keil.lib(layers_generic_float.o)
    0x0800637c   0x0800637c   0x00000040   Data   RO         2934    .constdata          mc_w.l(ctype_c.o)
    0x080063bc   0x080063bc   0x00000004   PAD
    0x080063c0   0x080063c0   0x00000008   Data   RO          274    .rodata..L__const.ai_network_data_params_get.map_activations  network_data.o
    0x080063c8   0x080063c8   0x00000008   Data   RO          275    .rodata..L__const.ai_network_data_params_get.map_weights  network_data.o
    0x080063d0   0x080063d0   0x00000010   Data   RO         1379    .rodata.AHBPrescTable  system_stm32l4xx.o
    0x080063e0   0x080063e0   0x00000008   Data   RO         1380    .rodata.APBPrescTable  system_stm32l4xx.o
    0x080063e8   0x080063e8   0x00000030   Data   RO         1381    .rodata.MSIRangeTable  system_stm32l4xx.o
    0x08006418   0x08006418   0x00000010   Data   RO         1335    .rodata.cst16       stm32l4xx_hal_uart.o
    0x08006428   0x08006428   0x00000008   Data   RO           57    .rodata.node_38_chain  network.o
    0x08006430   0x08006430   0x00000008   Data   RO           60    .rodata.node_40_chain  network.o
    0x08006438   0x08006438   0x00000008   Data   RO           62    .rodata.node_41_chain  network.o
    0x08006440   0x08006440   0x00000008   Data   RO           65    .rodata.node_43_chain  network.o
    0x08006448   0x08006448   0x00000008   Data   RO           67    .rodata.node_44_chain  network.o
    0x08006450   0x08006450   0x00000008   Data   RO           70    .rodata.node_46_chain  network.o
    0x08006458   0x08006458   0x00000008   Data   RO           72    .rodata.node_47_chain  network.o
    0x08006460   0x08006460   0x00000008   Data   RO           75    .rodata.node_49_chain  network.o
    0x08006468   0x08006468   0x00000008   Data   RO           77    .rodata.node_50_chain  network.o
    0x08006470   0x08006470   0x00000008   Data   RO           80    .rodata.node_52_chain  network.o
    0x08006478   0x08006478   0x00000008   Data   RO           82    .rodata.node_54_to_chlast_chain  network.o
    0x08006480   0x08006480   0x00000008   Data   RO           85    .rodata.node_55_chain  network.o
    0x08006488   0x08006488   0x00000018   PAD
    0x080064a0   0x080064a0   0x000017f8   Data   RO          285    .rodata.s_network_weights_array_u64  network_data_params.o
    0x08007c98   0x08007c98   0x00000020   Data   RO         2937    Region$$Table       anon$$obj.o


    Execution Region RW_IRAM2 (Exec base: 0x10000000, Load base: 0x080082c0, Size: 0x00000000, Max: 0x00004000, ABSOLUTE)

    **** No section assigned to this execution region ****


    Execution Region RW_IRAM1 (Exec base: 0x20000000, Load base: 0x08007cc0, Size: 0x00006298, Max: 0x0000c000, ABSOLUTE, COMPRESSED[0x00000600])

    Exec Addr    Load Addr    Size         Type   Attr      Idx    E Section Name        Object

    0x20000000   COMPRESSED   0x00000004   Data   RW         2867    .data               mc_w.l(stdin.o)
    0x20000004   COMPRESSED   0x00000004   Data   RW         2868    .data               mc_w.l(stdout.o)
    0x20000008   COMPRESSED   0x00000004   Data   RW         2886    .data               mc_w.l(mvars.o)
    0x2000000c   COMPRESSED   0x00000004   Data   RW         2887    .data               mc_w.l(mvars.o)
    0x20000010   COMPRESSED   0x00000003   Data   RW         2921    .data               mc_w.l(fgetc_b.o)
    0x20000013   COMPRESSED   0x00000001   PAD
    0x20000014   COMPRESSED   0x00000070   Data   RW          248    .data..L_MergedGlobals  network.o
    0x20000084   COMPRESSED   0x00000008   Data   RW          559    .data..L_MergedGlobals  stm32l4xx_hal.o
    0x2000008c   COMPRESSED   0x00000070   Data   RW          249    .data..L_MergedGlobals.200  network.o
    0x200000fc   COMPRESSED   0x00000070   Data   RW          250    .data..L_MergedGlobals.201  network.o
    0x2000016c   COMPRESSED   0x00000070   Data   RW          251    .data..L_MergedGlobals.202  network.o
    0x200001dc   COMPRESSED   0x00000070   Data   RW          252    .data..L_MergedGlobals.203  network.o
    0x2000024c   COMPRESSED   0x00000010   Data   RW           34    .data..compoundliteral  network.o
    0x2000025c   COMPRESSED   0x00000010   Data   RW          270    .data..compoundliteral  network_data.o
    0x2000026c   COMPRESSED   0x00000010   Data   RW          272    .data..compoundliteral.1  network_data.o
    0x2000027c   COMPRESSED   0x00000010   Data   RW          148    .data..compoundliteral.100  network.o
    0x2000028c   COMPRESSED   0x00000010   Data   RW          150    .data..compoundliteral.102  network.o
    0x2000029c   COMPRESSED   0x00000010   Data   RW          151    .data..compoundliteral.103  network.o
    0x200002ac   COMPRESSED   0x00000004   Data   RW          153    .data..compoundliteral.105  network.o
    0x200002b0   COMPRESSED   0x00000004   Data   RW          154    .data..compoundliteral.106  network.o
    0x200002b4   COMPRESSED   0x0000000c   Data   RW          155    .data..compoundliteral.107  network.o
    0x200002c0   COMPRESSED   0x00000030   Data   RW          157    .data..compoundliteral.109  network.o
    0x200002f0   COMPRESSED   0x00000010   Data   RW          158    .data..compoundliteral.110  network.o
    0x20000300   COMPRESSED   0x00000010   Data   RW          159    .data..compoundliteral.111  network.o
    0x20000310   COMPRESSED   0x00000010   Data   RW          161    .data..compoundliteral.113  network.o
    0x20000320   COMPRESSED   0x00000010   Data   RW          162    .data..compoundliteral.114  network.o
    0x20000330   COMPRESSED   0x00000010   Data   RW          164    .data..compoundliteral.116  network.o
    0x20000340   COMPRESSED   0x00000010   Data   RW          165    .data..compoundliteral.117  network.o
    0x20000350   COMPRESSED   0x00000004   Data   RW          167    .data..compoundliteral.119  network.o
    0x20000354   COMPRESSED   0x0000000c   Data   RW           42    .data..compoundliteral.12  network.o
    0x20000360   COMPRESSED   0x00000004   Data   RW          168    .data..compoundliteral.120  network.o
    0x20000364   COMPRESSED   0x00000008   Data   RW          169    .data..compoundliteral.121  network.o
    0x2000036c   COMPRESSED   0x00000030   Data   RW          171    .data..compoundliteral.123  network.o
    0x2000039c   COMPRESSED   0x00000010   Data   RW          172    .data..compoundliteral.124  network.o
    0x200003ac   COMPRESSED   0x00000010   Data   RW          173    .data..compoundliteral.125  network.o
    0x200003bc   COMPRESSED   0x00000010   Data   RW          175    .data..compoundliteral.127  network.o
    0x200003cc   COMPRESSED   0x00000010   Data   RW          176    .data..compoundliteral.128  network.o
    0x200003dc   COMPRESSED   0x00000004   Data   RW           43    .data..compoundliteral.13  network.o
    0x200003e0   COMPRESSED   0x00000010   Data   RW          178    .data..compoundliteral.130  network.o
    0x200003f0   COMPRESSED   0x00000010   Data   RW          179    .data..compoundliteral.131  network.o
    0x20000400   COMPRESSED   0x00000004   Data   RW          181    .data..compoundliteral.133  network.o
    0x20000404   COMPRESSED   0x00000004   Data   RW          182    .data..compoundliteral.134  network.o
    0x20000408   COMPRESSED   0x0000000c   Data   RW          183    .data..compoundliteral.135  network.o
    0x20000414   COMPRESSED   0x00000030   Data   RW          185    .data..compoundliteral.137  network.o
    0x20000444   COMPRESSED   0x00000010   Data   RW          186    .data..compoundliteral.138  network.o
    0x20000454   COMPRESSED   0x00000010   Data   RW          187    .data..compoundliteral.139  network.o
    0x20000464   COMPRESSED   0x00000010   Data   RW          189    .data..compoundliteral.141  network.o
    0x20000474   COMPRESSED   0x00000010   Data   RW          190    .data..compoundliteral.142  network.o
    0x20000484   COMPRESSED   0x00000010   Data   RW          192    .data..compoundliteral.144  network.o
    0x20000494   COMPRESSED   0x00000010   Data   RW          193    .data..compoundliteral.145  network.o
    0x200004a4   COMPRESSED   0x00000004   Data   RW          195    .data..compoundliteral.147  network.o
    0x200004a8   COMPRESSED   0x00000004   Data   RW          196    .data..compoundliteral.148  network.o
    0x200004ac   COMPRESSED   0x00000008   Data   RW          197    .data..compoundliteral.149  network.o
    0x200004b4   COMPRESSED   0x00000030   Data   RW          199    .data..compoundliteral.151  network.o
    0x200004e4   COMPRESSED   0x00000010   Data   RW          200    .data..compoundliteral.152  network.o
    0x200004f4   COMPRESSED   0x00000010   Data   RW          201    .data..compoundliteral.153  network.o
    0x20000504   COMPRESSED   0x00000010   Data   RW          203    .data..compoundliteral.155  network.o
    0x20000514   COMPRESSED   0x00000010   Data   RW          204    .data..compoundliteral.156  network.o
    0x20000524   COMPRESSED   0x00000010   Data   RW          206    .data..compoundliteral.158  network.o
    0x20000534   COMPRESSED   0x00000010   Data   RW          207    .data..compoundliteral.159  network.o
    0x20000544   COMPRESSED   0x00000004   Data   RW          209    .data..compoundliteral.161  network.o
    0x20000548   COMPRESSED   0x00000004   Data   RW          210    .data..compoundliteral.162  network.o
    0x2000054c   COMPRESSED   0x0000000c   Data   RW          211    .data..compoundliteral.163  network.o
    0x20000558   COMPRESSED   0x00000030   Data   RW          213    .data..compoundliteral.165  network.o
    0x20000588   COMPRESSED   0x00000010   Data   RW          214    .data..compoundliteral.166  network.o
    0x20000598   COMPRESSED   0x00000010   Data   RW          215    .data..compoundliteral.167  network.o
    0x200005a8   COMPRESSED   0x00000010   Data   RW          217    .data..compoundliteral.169  network.o
    0x200005b8   COMPRESSED   0x0000000c   Data   RW           47    .data..compoundliteral.17  network.o
    0x200005c4   COMPRESSED   0x00000010   Data   RW          218    .data..compoundliteral.170  network.o
    0x200005d4   COMPRESSED   0x00000010   Data   RW          220    .data..compoundliteral.172  network.o
    0x200005e4   COMPRESSED   0x00000010   Data   RW          221    .data..compoundliteral.173  network.o
    0x200005f4   COMPRESSED   0x00000004   Data   RW          223    .data..compoundliteral.175  network.o
    0x200005f8   COMPRESSED   0x00000004   Data   RW          224    .data..compoundliteral.176  network.o
    0x200005fc   COMPRESSED   0x00000008   Data   RW          225    .data..compoundliteral.177  network.o
    0x20000604   COMPRESSED   0x00000030   Data   RW          227    .data..compoundliteral.179  network.o
    0x20000634   COMPRESSED   0x00000018   Data   RW           48    .data..compoundliteral.18  network.o
    0x2000064c   COMPRESSED   0x00000010   Data   RW          228    .data..compoundliteral.180  network.o
    0x2000065c   COMPRESSED   0x00000010   Data   RW          229    .data..compoundliteral.181  network.o
    0x2000066c   COMPRESSED   0x00000010   Data   RW          231    .data..compoundliteral.183  network.o
    0x2000067c   COMPRESSED   0x00000010   Data   RW          232    .data..compoundliteral.184  network.o
    0x2000068c   COMPRESSED   0x00000010   Data   RW          234    .data..compoundliteral.186  network.o
    0x2000069c   COMPRESSED   0x00000010   Data   RW          235    .data..compoundliteral.187  network.o
    0x200006ac   COMPRESSED   0x00000004   Data   RW          237    .data..compoundliteral.189  network.o
    0x200006b0   COMPRESSED   0x00000004   Data   RW          238    .data..compoundliteral.190  network.o
    0x200006b4   COMPRESSED   0x0000000c   Data   RW          239    .data..compoundliteral.191  network.o
    0x200006c0   COMPRESSED   0x00000030   Data   RW          241    .data..compoundliteral.193  network.o
    0x200006f0   COMPRESSED   0x00000010   Data   RW          242    .data..compoundliteral.194  network.o
    0x20000700   COMPRESSED   0x00000010   Data   RW          243    .data..compoundliteral.195  network.o
    0x20000710   COMPRESSED   0x00000010   Data   RW          245    .data..compoundliteral.197  network.o
    0x20000720   COMPRESSED   0x00000010   Data   RW          246    .data..compoundliteral.198  network.o
    0x20000730   COMPRESSED   0x00000010   Data   RW           50    .data..compoundliteral.20  network.o
    0x20000740   COMPRESSED   0x00000010   Data   RW           51    .data..compoundliteral.21  network.o
    0x20000750   COMPRESSED   0x00000010   Data   RW           53    .data..compoundliteral.23  network.o
    0x20000760   COMPRESSED   0x00000010   Data   RW           54    .data..compoundliteral.24  network.o
    0x20000770   COMPRESSED   0x00000018   Data   RW           83    .data..compoundliteral.36  network.o
    0x20000788   COMPRESSED   0x00000004   Data   RW           86    .data..compoundliteral.38  network.o
    0x2000078c   COMPRESSED   0x00000004   Data   RW           87    .data..compoundliteral.39  network.o
    0x20000790   COMPRESSED   0x00000008   Data   RW           88    .data..compoundliteral.40  network.o
    0x20000798   COMPRESSED   0x00000030   Data   RW           90    .data..compoundliteral.42  network.o
    0x200007c8   COMPRESSED   0x00000010   Data   RW           91    .data..compoundliteral.43  network.o
    0x200007d8   COMPRESSED   0x00000010   Data   RW           92    .data..compoundliteral.44  network.o
    0x200007e8   COMPRESSED   0x00000010   Data   RW           94    .data..compoundliteral.46  network.o
    0x200007f8   COMPRESSED   0x00000010   Data   RW           95    .data..compoundliteral.47  network.o
    0x20000808   COMPRESSED   0x00000010   Data   RW           97    .data..compoundliteral.49  network.o
    0x20000818   COMPRESSED   0x0000001c   Data   RW           35    .data..compoundliteral.5  network.o
    0x20000834   COMPRESSED   0x00000010   Data   RW           98    .data..compoundliteral.50  network.o
    0x20000844   COMPRESSED   0x00000004   Data   RW          100    .data..compoundliteral.52  network.o
    0x20000848   COMPRESSED   0x00000004   Data   RW          101    .data..compoundliteral.53  network.o
    0x2000084c   COMPRESSED   0x00000030   Data   RW          104    .data..compoundliteral.56  network.o
    0x2000087c   COMPRESSED   0x00000010   Data   RW          105    .data..compoundliteral.57  network.o
    0x2000088c   COMPRESSED   0x00000010   Data   RW          106    .data..compoundliteral.58  network.o
    0x2000089c   COMPRESSED   0x00000010   Data   RW           36    .data..compoundliteral.6  network.o
    0x200008ac   COMPRESSED   0x00000010   Data   RW          108    .data..compoundliteral.60  network.o
    0x200008bc   COMPRESSED   0x00000010   Data   RW          109    .data..compoundliteral.61  network.o
    0x200008cc   COMPRESSED   0x00000004   Data   RW          111    .data..compoundliteral.63  network.o
    0x200008d0   COMPRESSED   0x00000004   Data   RW          112    .data..compoundliteral.64  network.o
    0x200008d4   COMPRESSED   0x00000008   Data   RW          113    .data..compoundliteral.65  network.o
    0x200008dc   COMPRESSED   0x00000030   Data   RW          115    .data..compoundliteral.67  network.o
    0x2000090c   COMPRESSED   0x00000010   Data   RW          116    .data..compoundliteral.68  network.o
    0x2000091c   COMPRESSED   0x00000010   Data   RW          117    .data..compoundliteral.69  network.o
    0x2000092c   COMPRESSED   0x0000001c   Data   RW           37    .data..compoundliteral.7  network.o
    0x20000948   COMPRESSED   0x00000010   Data   RW          119    .data..compoundliteral.71  network.o
    0x20000958   COMPRESSED   0x00000010   Data   RW          120    .data..compoundliteral.72  network.o
    0x20000968   COMPRESSED   0x00000010   Data   RW          122    .data..compoundliteral.74  network.o
    0x20000978   COMPRESSED   0x00000010   Data   RW          123    .data..compoundliteral.75  network.o
    0x20000988   COMPRESSED   0x00000004   Data   RW          125    .data..compoundliteral.77  network.o
    0x2000098c   COMPRESSED   0x00000004   Data   RW          126    .data..compoundliteral.78  network.o
    0x20000990   COMPRESSED   0x0000000c   Data   RW          127    .data..compoundliteral.79  network.o
    0x2000099c   COMPRESSED   0x00000004   Data   RW           38    .data..compoundliteral.8  network.o
    0x200009a0   COMPRESSED   0x00000030   Data   RW          129    .data..compoundliteral.81  network.o
    0x200009d0   COMPRESSED   0x00000010   Data   RW          130    .data..compoundliteral.82  network.o
    0x200009e0   COMPRESSED   0x00000010   Data   RW          131    .data..compoundliteral.83  network.o
    0x200009f0   COMPRESSED   0x00000010   Data   RW          133    .data..compoundliteral.85  network.o
    0x20000a00   COMPRESSED   0x00000010   Data   RW          134    .data..compoundliteral.86  network.o
    0x20000a10   COMPRESSED   0x00000010   Data   RW          136    .data..compoundliteral.88  network.o
    0x20000a20   COMPRESSED   0x00000010   Data   RW          137    .data..compoundliteral.89  network.o
    0x20000a30   COMPRESSED   0x00000004   Data   RW          139    .data..compoundliteral.91  network.o
    0x20000a34   COMPRESSED   0x00000004   Data   RW          140    .data..compoundliteral.92  network.o
    0x20000a38   COMPRESSED   0x00000008   Data   RW          141    .data..compoundliteral.93  network.o
    0x20000a40   COMPRESSED   0x00000030   Data   RW          143    .data..compoundliteral.95  network.o
    0x20000a70   COMPRESSED   0x00000010   Data   RW          144    .data..compoundliteral.96  network.o
    0x20000a80   COMPRESSED   0x00000010   Data   RW          145    .data..compoundliteral.97  network.o
    0x20000a90   COMPRESSED   0x00000010   Data   RW          147    .data..compoundliteral.99  network.o
    0x20000aa0   COMPRESSED   0x00000004   Data   RW         1378    .data.SystemCoreClock  system_stm32l4xx.o
    0x20000aa4   COMPRESSED   0x0000004c   Data   RW           49    .data.g_network     network.o
    0x20000af0   COMPRESSED   0x0000001c   Data   RW          271    .data.g_network_data_map_activations  network_data.o
    0x20000b0c   COMPRESSED   0x0000001c   Data   RW          273    .data.g_network_data_map_weights  network_data.o
    0x20000b28   COMPRESSED   0x0000001c   Data   RW           52    .data.input_1_output  network.o
    0x20000b44   COMPRESSED   0x0000001c   Data   RW          247    .data.node_38_bias  network.o
    0x20000b60   COMPRESSED   0x00000040   Data   RW           59    .data.node_38_layer  network.o
    0x20000ba0   COMPRESSED   0x0000001c   Data   RW          230    .data.node_38_output  network.o
    0x20000bbc   COMPRESSED   0x0000001c   Data   RW          244    .data.node_38_weights  network.o
    0x20000bd8   COMPRESSED   0x0000001c   Data   RW          236    .data.node_40_bias  network.o
    0x20000bf4   COMPRESSED   0x0000001c   Data   RW           56    .data.node_40_layer  network.o
    0x20000c10   COMPRESSED   0x0000001c   Data   RW          216    .data.node_40_output  network.o
    0x20000c2c   COMPRESSED   0x0000001c   Data   RW          233    .data.node_40_scale  network.o
    0x20000c48   COMPRESSED   0x0000001c   Data   RW          222    .data.node_41_bias  network.o
    0x20000c64   COMPRESSED   0x00000040   Data   RW           64    .data.node_41_layer  network.o
    0x20000ca4   COMPRESSED   0x0000001c   Data   RW          202    .data.node_41_output  network.o
    0x20000cc0   COMPRESSED   0x0000001c   Data   RW          219    .data.node_41_weights  network.o
    0x20000cdc   COMPRESSED   0x0000001c   Data   RW          208    .data.node_43_bias  network.o
    0x20000cf8   COMPRESSED   0x0000001c   Data   RW           61    .data.node_43_layer  network.o
    0x20000d14   COMPRESSED   0x0000001c   Data   RW          188    .data.node_43_output  network.o
    0x20000d30   COMPRESSED   0x0000001c   Data   RW          205    .data.node_43_scale  network.o
    0x20000d4c   COMPRESSED   0x0000001c   Data   RW          194    .data.node_44_bias  network.o
    0x20000d68   COMPRESSED   0x00000040   Data   RW           69    .data.node_44_layer  network.o
    0x20000da8   COMPRESSED   0x0000001c   Data   RW          174    .data.node_44_output  network.o
    0x20000dc4   COMPRESSED   0x0000001c   Data   RW          191    .data.node_44_weights  network.o
    0x20000de0   COMPRESSED   0x0000001c   Data   RW          180    .data.node_46_bias  network.o
    0x20000dfc   COMPRESSED   0x0000001c   Data   RW           66    .data.node_46_layer  network.o
    0x20000e18   COMPRESSED   0x0000001c   Data   RW          160    .data.node_46_output  network.o
    0x20000e34   COMPRESSED   0x0000001c   Data   RW          177    .data.node_46_scale  network.o
    0x20000e50   COMPRESSED   0x0000001c   Data   RW          166    .data.node_47_bias  network.o
    0x20000e6c   COMPRESSED   0x00000040   Data   RW           74    .data.node_47_layer  network.o
    0x20000eac   COMPRESSED   0x0000001c   Data   RW          146    .data.node_47_output  network.o
    0x20000ec8   COMPRESSED   0x0000001c   Data   RW          163    .data.node_47_weights  network.o
    0x20000ee4   COMPRESSED   0x0000001c   Data   RW          152    .data.node_49_bias  network.o
    0x20000f00   COMPRESSED   0x0000001c   Data   RW           71    .data.node_49_layer  network.o
    0x20000f1c   COMPRESSED   0x0000001c   Data   RW          132    .data.node_49_output  network.o
    0x20000f38   COMPRESSED   0x0000001c   Data   RW          149    .data.node_49_scale  network.o
    0x20000f54   COMPRESSED   0x0000001c   Data   RW          138    .data.node_50_bias  network.o
    0x20000f70   COMPRESSED   0x00000040   Data   RW           79    .data.node_50_layer  network.o
    0x20000fb0   COMPRESSED   0x0000001c   Data   RW          118    .data.node_50_output  network.o
    0x20000fcc   COMPRESSED   0x0000001c   Data   RW          135    .data.node_50_weights  network.o
    0x20000fe8   COMPRESSED   0x0000001c   Data   RW          124    .data.node_52_bias  network.o
    0x20001004   COMPRESSED   0x0000001c   Data   RW           76    .data.node_52_layer  network.o
    0x20001020   COMPRESSED   0x0000001c   Data   RW          107    .data.node_52_output  network.o
    0x2000103c   COMPRESSED   0x0000001c   Data   RW          121    .data.node_52_scale  network.o
    0x20001058   COMPRESSED   0x00000024   Data   RW           84    .data.node_54_to_chlast_layer  network.o
    0x2000107c   COMPRESSED   0x0000001c   Data   RW          110    .data.node_54_to_chlast_output  network.o
    0x20001098   COMPRESSED   0x0000001c   Data   RW           93    .data.node_54_to_chlast_output0  network.o
    0x200010b4   COMPRESSED   0x0000001c   Data   RW           99    .data.node_55_bias  network.o
    0x200010d0   COMPRESSED   0x0000001c   Data   RW           81    .data.node_55_layer  network.o
    0x200010ec   COMPRESSED   0x0000001c   Data   RW           55    .data.node_55_output  network.o
    0x20001108   COMPRESSED   0x0000001c   Data   RW           96    .data.node_55_weights  network.o
    0x20001124   COMPRESSED   0x0000001c   PAD
    0x20001140        -       0x00000014   Zero   RW          353    .bss..L_MergedGlobals  app_x-cube-ai.o
    0x20001154        -       0x00000008   Zero   RW          253    .bss..L_MergedGlobals.204  network.o
    0x2000115c        -       0x0000001c   Zero   RW           40    .bss..compoundliteral.10  network.o
    0x20001178        -       0x00000004   Zero   RW          156    .bss..compoundliteral.108  network.o
    0x2000117c        -       0x00000008   Zero   RW           41    .bss..compoundliteral.11  network.o
    0x20001184        -       0x00000004   Zero   RW          170    .bss..compoundliteral.122  network.o
    0x20001188        -       0x00000004   Zero   RW          184    .bss..compoundliteral.136  network.o
    0x2000118c        -       0x00000010   Zero   RW           44    .bss..compoundliteral.14  network.o
    0x2000119c        -       0x0000001c   Zero   RW           45    .bss..compoundliteral.15  network.o
    0x200011b8        -       0x00000004   Zero   RW          198    .bss..compoundliteral.150  network.o
    0x200011bc        -       0x00000008   Zero   RW           46    .bss..compoundliteral.16  network.o
    0x200011c4        -       0x00000004   Zero   RW          212    .bss..compoundliteral.164  network.o
    0x200011c8        -       0x00000004   Zero   RW          226    .bss..compoundliteral.178  network.o
    0x200011cc        -       0x00000004   Zero   RW          240    .bss..compoundliteral.192  network.o
    0x200011d0        -       0x00000010   Zero   RW           58    .bss..compoundliteral.26  network.o
    0x200011e0        -       0x00000010   Zero   RW           63    .bss..compoundliteral.28  network.o
    0x200011f0        -       0x00000010   Zero   RW           68    .bss..compoundliteral.30  network.o
    0x20001200        -       0x00000010   Zero   RW           73    .bss..compoundliteral.32  network.o
    0x20001210        -       0x00000010   Zero   RW           78    .bss..compoundliteral.34  network.o
    0x20001220        -       0x00000004   Zero   RW           89    .bss..compoundliteral.41  network.o
    0x20001224        -       0x00000004   Zero   RW          102    .bss..compoundliteral.54  network.o
    0x20001228        -       0x00000004   Zero   RW          103    .bss..compoundliteral.55  network.o
    0x2000122c        -       0x00000004   Zero   RW          114    .bss..compoundliteral.66  network.o
    0x20001230        -       0x00000004   Zero   RW          128    .bss..compoundliteral.80  network.o
    0x20001234        -       0x00000010   Zero   RW           39    .bss..compoundliteral.9  network.o
    0x20001244        -       0x00000004   Zero   RW          142    .bss..compoundliteral.94  network.o
    0x20001248   COMPRESSED   0x00000018   PAD
    0x20001260        -       0x000013fc   Zero   RW          351    .bss.activations    app_x-cube-ai.o
    0x2000265c        -       0x00000024   Zero   RW          326    .bss.hcrc           crc.o
    0x20002680        -       0x00000084   Zero   RW          380    .bss.huart2         usart.o
    0x20002704        -       0x00001388   Zero   RW          300    .bss.input          main.o
    0x20003a8c        -       0x00000008   Zero   RW          301    .bss.result         main.o
    0x20003a94        -       0x00000004   Zero   RW          558    .bss.uwTick         stm32l4xx_hal.o
    0x20003a98        -       0x00000800   Zero   RW            2    HEAP                startup_stm32l432xx.o
    0x20004298        -       0x00002000   Zero   RW            1    STACK               startup_stm32l432xx.o


==============================================================================

Image component sizes


      Code (inc. data)   RO Data    RW Data    ZI Data      Debug   Object Name

       110          0          0          0       5136       5643   app_x-cube-ai.o
       100          0          0          0         36       3126   crc.o
       112          0          0          0          0       2326   gpio.o
       570         44          0          0       5008       4696   main.o
       906          0         96       4268        244      14917   network.o
        56          0         16         88          0       3300   network_data.o
         0          0       6136          0          0        759   network_data_params.o
        36          8        396          0      10240        844   startup_stm32l432xx.o
       184          0          0          8          4       7579   stm32l4xx_hal.o
       162          0          0          0          0      10088   stm32l4xx_hal_cortex.o
       120          0          0          0          0       8028   stm32l4xx_hal_crc.o
       140          4          0          0          0       2928   stm32l4xx_hal_crc_ex.o
       512          0          0          0          0       5459   stm32l4xx_hal_gpio.o
        50          0          0          0          0       1579   stm32l4xx_hal_msp.o
       156          0          0          0          0       8830   stm32l4xx_hal_pwr_ex.o
      2912          0          0          0          0      11978   stm32l4xx_hal_rcc.o
      1010          0          0          0          0      13664   stm32l4xx_hal_rcc_ex.o
      1956         50         16          0          0      35536   stm32l4xx_hal_uart.o
        22          0          0          0          0       1226   stm32l4xx_it.o
       138          0          0          0          0      13184   stm32l4xx_ll_tim.o
        18          0         72          4          0       2963   system_stm32l4xx.o
       152          0          0          0          0       5730   tim.o
       254          0          0          0        132       6026   usart.o

    ----------------------------------------------------------------------
      9736        106       6788       4368      20852     170409   Object Totals
         0          0         32          0          0          0   (incl. Generated)
        60          0         24          0         52          0   (incl. Padding)

    ----------------------------------------------------------------------

      Code (inc. data)   RO Data    RW Data    ZI Data      Debug   Library Member Name

       380         54          0          0          0        360   ai_datatypes_format.o
        52          6          0          0          0        232   ai_datatypes_internal.o
       158          8          0          0          0        368   ai_platform.o
      2442        110        108          0          0       3244   ai_platform_interface.o
        42          0          0          0          0        348   core_common.o
       224          6          0          0          0        624   layers.o
      3826         42          0          0          0       1908   layers_conv2d_generic_float.o
       446          4        640          0          0        272   layers_generic_float.o
        68          6          0          0          0        128   layers_nl_generic_float.o
       324          0          0          0          0        252   layers_norm_generic_float.o
        32          6          0          0          0         84   __0scanf.o
        86          0          0          0          0          0   __dczerorl2.o
        28          0          0          0          0         68   _chval.o
       818          4          0          0          0        112   _scanf.o
       338          0          0          0          0         96   _scanf_int.o
        40          6         64          0          0         68   ctype_c.o
         0          0          0          0          0          0   entry.o
         0          0          0          0          0          0   entry10a.o
         0          0          0          0          0          0   entry11a.o
         8          4          0          0          0          0   entry2.o
         4          0          0          0          0          0   entry5.o
         0          0          0          0          0          0   entry7b.o
         0          0          0          0          0          0   entry8b.o
         8          4          0          0          0          0   entry9a.o
        44          6          0          3          0        144   fgetc_b.o
        30          0          0          0          0          0   handlers.o
        36          8          0          0          0         68   init.o
        10          0          0          0          0         68   isspace_c.o
         0          0          0          0          0          0   iusefp.o
         0          0          0          0          0          0   iusesemig.o
        30          0          0          0          0         68   llshl.o
        36          0          0          0          0         68   llsshr.o
        32          0          0          0          0         68   llushr.o
       252         24          0          0          0        252   mallocr.o
        26          0          0          0          0         80   memcmp.o
        36          0          0          0          0         68   memcpya.o
        36          0          0          0          0        108   memseta.o
         0          0          0          8          0          0   mvars.o
      2270         90          0          0          0        452   printfa.o
        40          8          0          0          0         84   scanf_char.o
        20          8          0          0          0         68   scanf_char_file.o
       884         12          0          0          0        216   scanf_fp.o
         0          0          0          0          0          0   semi.o
         0          0          0          4          0          0   stdin.o
         0          0          0          4          0          0   stdout.o
        44          0          0          0          0         80   uidiv.o
       104          0          0          0          0         92   uldiv.o
        48          0          0          0          0         68   cdrcmple.o
        56          0          0          0          0         88   d2f.o
       350          0          0          0          0        148   dadd.o
       222          0          0          0          0        100   ddiv.o
       186          0          0          0          0        176   depilogue.o
        48          0          0          0          0         68   dfixul.o
        26          0          0          0          0         76   dfltui.o
        24          0          0          0          0         76   dfltul.o
       234          0          0          0          0         96   dmul.o
       110          0          0          0          0        168   fepilogue.o

    ----------------------------------------------------------------------
     14588        416        816         20          0      11212   Library Totals
        30          0          4          1          0          0   (incl. Padding)

    ----------------------------------------------------------------------

      Code (inc. data)   RO Data    RW Data    ZI Data      Debug   Library Name

      7962        236        748          0          0       7736   NetworkRuntime720_CM4_Keil.lib
      5292        180         64         19          0       2412   mc_w.l
      1304          0          0          0          0       1064   mf_w.l

    ----------------------------------------------------------------------
     14588        416        816         20          0      11212   Library Totals

    ----------------------------------------------------------------------

==============================================================================


      Code (inc. data)   RO Data    RW Data    ZI Data      Debug   

     24324        522       7604       4388      20852     174133   Grand Totals
     24324        522       7604       1536      20852     174133   ELF Image Totals (compressed)
     24324        522       7604       1536          0          0   ROM Totals

==============================================================================

    Total RO  Size (Code + RO Data)                31928 (  31.18kB)
    Total RW  Size (RW Data + ZI Data)             25240 (  24.65kB)
    Total ROM Size (Code + RO Data + RW Data)      33464 (  32.68kB)

==============================================================================

